Component: ARM Compiler 5.05 update 1 (build 106) Tool: armlink [4d0efa]

==============================================================================

Section Cross References

    main.o(i.SystemClock_Config) refers to stm32f4xx_hal_rcc.o(i.HAL_RCC_OscConfig) for HAL_RCC_OscConfig
    main.o(i.SystemClock_Config) refers to stm32f4xx_hal_rcc.o(i.HAL_RCC_ClockConfig) for HAL_RCC_ClockConfig
    main.o(i.SystemClock_Config) refers to stm32f4xx_hal_rcc.o(i.HAL_RCC_GetHCLKFreq) for HAL_RCC_GetHCLKFreq
    main.o(i.SystemClock_Config) refers to stm32f4xx_hal_cortex.o(i.HAL_SYSTICK_Config) for HAL_SYSTICK_Config
    main.o(i.SystemClock_Config) refers to stm32f4xx_hal_cortex.o(i.HAL_SYSTICK_CLKSourceConfig) for HAL_SYSTICK_CLKSourceConfig
    main.o(i.SystemClock_Config) refers to stm32f4xx_hal_cortex.o(i.HAL_NVIC_SetPriority) for HAL_NVIC_SetPriority
    main.o(i.main) refers to stm32f4xx_hal.o(i.HAL_Init) for HAL_Init
    main.o(i.main) refers to main.o(i.SystemClock_Config) for SystemClock_Config
    main.o(i.main) refers to gpio.o(i.MX_GPIO_Init) for MX_GPIO_Init
    main.o(i.main) refers to dma.o(i.MX_DMA_Init) for MX_DMA_Init
    main.o(i.main) refers to usart.o(i.MX_USART1_UART_Init) for MX_USART1_UART_Init
    main.o(i.main) refers to usart.o(i.MX_USART2_UART_Init) for MX_USART2_UART_Init
    main.o(i.main) refers to spi.o(i.MX_SPI1_Init) for MX_SPI1_Init
    main.o(i.main) refers to i2c.o(i.MX_I2C1_Init) for MX_I2C1_Init
    main.o(i.main) refers to led.o(i.LED_init) for LED_init
    main.o(i.main) refers to led.o(i.LED_on) for LED_on
    main.o(i.main) refers to printf8.o(i.__0printf$8) for __2printf
    main.o(i.main) refers to eeprom.o(i.eepromInit) for eepromInit
    main.o(i.main) refers to cfg.o(i.cfgInit) for cfgInit
    main.o(i.main) refers to cfg.o(i.cfgReadU8) for cfgReadU8
    main.o(i.main) refers to cfg.o(i.cfgFieldSize) for cfgFieldSize
    main.o(i.main) refers to cfg.o(i.cfgReadU8list) for cfgReadU8list
    main.o(i.main) refers to libdw1000.o(i.dwInit) for dwInit
    main.o(i.main) refers to dwops.o(i.dwOpsInit) for dwOpsInit
    main.o(i.main) refers to libdw1000.o(i.dwConfigure) for dwConfigure
    main.o(i.main) refers to libdw1000.o(i.dwStrError) for dwStrError
    main.o(i.main) refers to stm32f4xx_hal.o(i.HAL_Delay) for HAL_Delay
    main.o(i.main) refers to led.o(i.LED_off) for LED_off
    main.o(i.main) refers to libdw1000.o(i.dwSetAntenaDelay) for dwSetAntenaDelay
    main.o(i.main) refers to libdw1000.o(i.dwAttachSentHandler) for dwAttachSentHandler
    main.o(i.main) refers to libdw1000.o(i.dwAttachReceivedHandler) for dwAttachReceivedHandler
    main.o(i.main) refers to libdw1000.o(i.dwNewConfiguration) for dwNewConfiguration
    main.o(i.main) refers to libdw1000.o(i.dwSetDefaults) for dwSetDefaults
    main.o(i.main) refers to libdw1000.o(i.dwEnableMode) for dwEnableMode
    main.o(i.main) refers to libdw1000.o(i.dwSetChannel) for dwSetChannel
    main.o(i.main) refers to libdw1000.o(i.dwSetPreambleCode) for dwSetPreambleCode
    main.o(i.main) refers to libdw1000.o(i.dwCommitConfiguration) for dwCommitConfiguration
    main.o(i.main) refers to libdw1000_pro.o(i.getPrintableDeviceIdentifier) for getPrintableDeviceIdentifier
    main.o(i.main) refers to libdw1000_pro.o(i.getPrintableExtendedUniqueIdentifier) for getPrintableExtendedUniqueIdentifier
    main.o(i.main) refers to libdw1000_pro.o(i.getPrintableDeviceMode) for getPrintableDeviceMode
    main.o(i.main) refers to libdw1000_pro.o(i.getPrintableNetworkIdAndShortAddress) for getPrintableNetworkIdAndShortAddress
    main.o(i.main) refers to libdw1000.o(i.dwEnableAllLeds) for dwEnableAllLeds
    main.o(i.main) refers to libdw1000.o(i.dwNewReceive) for dwNewReceive
    main.o(i.main) refers to libdw1000.o(i.dwStartReceive) for dwStartReceive
    main.o(i.main) refers to stm32f4xx_hal_uart.o(i.HAL_UART_Receive_DMA) for HAL_UART_Receive_DMA
    main.o(i.main) refers to stm32f4xx_hal_uart.o(i.HAL_UART_Transmit) for HAL_UART_Transmit
    main.o(i.main) refers to cfg.o(i.handleInput) for handleInput
    main.o(i.main) refers to libdw1000.o(i.dwIdle) for dwIdle
    main.o(i.main) refers to memcpya.o(.text) for __aeabi_memcpy
    main.o(i.main) refers to libdw1000.o(i.dwNewTransmit) for dwNewTransmit
    main.o(i.main) refers to libdw1000.o(i.dwSetData) for dwSetData
    main.o(i.main) refers to libdw1000.o(i.dwWaitForResponse) for dwWaitForResponse
    main.o(i.main) refers to libdw1000.o(i.dwStartTransmit) for dwStartTransmit
    main.o(i.main) refers to stm32f4xx_hal.o(i.HAL_GetTick) for HAL_GetTick
    main.o(i.main) refers to i2c.o(.bss) for hi2c1
    main.o(i.main) refers to main.o(.data) for .data
    main.o(i.main) refers to dwops.o(.data) for dwOps
    main.o(i.main) refers to main.o(.constdata) for .constdata
    main.o(i.main) refers to main.o(i.txcallback) for txcallback
    main.o(i.main) refers to main.o(i.rxcallback) for rxcallback
[...]
    i.cfgWriteU8                             0x0800389c   Section        0  cfg.o(i.cfgWriteU8)
    i.cfgWriteU8list                         0x08003900   Section        0  cfg.o(i.cfgWriteU8list)
    i.changeAddress                          0x080039a0   Section        0  cfg.o(i.changeAddress)
    i.changeMode                             0x08003a40   Section        0  cfg.o(i.changeMode)
    i.check_content                          0x08003a90   Section        0  cfg.o(i.check_content)
    check_content                            0x08003a91   Thumb Code    84  cfg.o(i.check_content)
    i.delayms                                0x08003b14   Section        0  dwops.o(i.delayms)
    delayms                                  0x08003b15   Thumb Code     6  dwops.o(i.delayms)
    i.dummy                                  0x08003b1a   Section        0  libdw1000.o(i.dummy)
    dummy                                    0x08003b1b   Thumb Code     2  libdw1000.o(i.dummy)
    i.dwAttachReceivedHandler                0x08003b1c   Section        0  libdw1000.o(i.dwAttachReceivedHandler)
    i.dwAttachSentHandler                    0x08003b20   Section        0  libdw1000.o(i.dwAttachSentHandler)
    i.dwClearReceiveStatus                   0x08003b24   Section        0  libdw1000.o(i.dwClearReceiveStatus)
    i.dwClearReceiveTimestampAvailableStatus 0x08003ba0   Section        0  libdw1000.o(i.dwClearReceiveTimestampAvailableStatus)
    i.dwClearTransmitStatus                  0x08003bc8   Section        0  libdw1000.o(i.dwClearTransmitStatus)
    i.dwCommitConfiguration                  0x08003c14   Section        0  libdw1000.o(i.dwCommitConfiguration)
    i.dwConfigure                            0x08003c60   Section        0  libdw1000.o(i.dwConfigure)
    i.dwCorrectTimestamp                     0x08003d14   Section        0  libdw1000.o(i.dwCorrectTimestamp)
    i.dwEnableAllLeds                        0x08003e28   Section        0  libdw1000.o(i.dwEnableAllLeds)
    i.dwEnableClock                          0x08003e90   Section        0  libdw1000.o(i.dwEnableClock)
    i.dwEnableMode                           0x08003f26   Section        0  libdw1000.o(i.dwEnableMode)
    i.dwGetData                              0x08003f60   Section        0  libdw1000.o(i.dwGetData)
    i.dwGetDataLength                        0x08003f74   Section        0  libdw1000.o(i.dwGetDataLength)
    i.dwGetDeviceId                          0x08003fb2   Section        0  libdw1000.o(i.dwGetDeviceId)
    i.dwGetReceivePower                      0x08003fbc   Section        0  libdw1000.o(i.dwGetReceivePower)
    i.dwGetReceiveTimestamp                  0x08003ffc   Section        0  libdw1000.o(i.dwGetReceiveTimestamp)
    i.dwGetTransmitTimestamp                 0x08004024   Section        0  libdw1000.o(i.dwGetTransmitTimestamp)
    i.dwHandleInterrupt                      0x08004038   Section        0  libdw1000.o(i.dwHandleInterrupt)
    i.dwIdle                                 0x080040e4   Section        0  libdw1000.o(i.dwIdle)
    i.dwInit                                 0x08004108   Section        0  libdw1000.o(i.dwInit)
    i.dwInterruptOnAutomaticAcknowledgeTrigger 0x08004154   Section        0  libdw1000.o(i.dwInterruptOnAutomaticAcknowledgeTrigger)
    i.dwInterruptOnReceiveFailed             0x08004160   Section        0  libdw1000.o(i.dwInterruptOnReceiveFailed)
    i.dwInterruptOnReceiveTimeout            0x0800419a   Section        0  libdw1000.o(i.dwInterruptOnReceiveTimeout)
    i.dwInterruptOnReceiveTimestampAvailable 0x080041a6   Section        0  libdw1000.o(i.dwInterruptOnReceiveTimestampAvailable)
    i.dwInterruptOnReceived                  0x080041b2   Section        0  libdw1000.o(i.dwInterruptOnReceived)
    i.dwInterruptOnSent                      0x080041d4   Section        0  libdw1000.o(i.dwInterruptOnSent)
    i.dwIsClockProblem                       0x080041e0   Section        0  libdw1000.o(i.dwIsClockProblem)
    i.dwIsReceiveDone                        0x08004206   Section        0  libdw1000.o(i.dwIsReceiveDone)
    i.dwIsReceiveFailed                      0x0800421a   Section        0  libdw1000.o(i.dwIsReceiveFailed)
    i.dwIsReceiveTimeout                     0x08004262   Section        0  libdw1000.o(i.dwIsReceiveTimeout)
    i.dwIsReceiveTimestampAvailable          0x0800426c   Section        0  libdw1000.o(i.dwIsReceiveTimestampAvailable)
    i.dwIsTransmitDone                       0x08004276   Section        0  libdw1000.o(i.dwIsTransmitDone)
    i.dwManageLDE                            0x08004280   Section        0  libdw1000.o(i.dwManageLDE)
    i.dwNewConfiguration                     0x080042fc   Section        0  libdw1000.o(i.dwNewConfiguration)
    i.dwNewReceive                           0x08004326   Section        0  libdw1000.o(i.dwNewReceive)
    i.dwNewTransmit                          0x0800433e   Section        0  libdw1000.o(i.dwNewTransmit)
    i.dwOpsInit                              0x08004358   Section        0  dwops.o(i.dwOpsInit)
    i.dwReadChannelControlRegister           0x08004378   Section        0  libdw1000.o(i.dwReadChannelControlRegister)
    i.dwReadNetworkIdAndDeviceAddress        0x0800438c   Section        0  libdw1000.o(i.dwReadNetworkIdAndDeviceAddress)
    i.dwReadSystemConfigurationRegister      0x080043a0   Section        0  libdw1000.o(i.dwReadSystemConfigurationRegister)
    i.dwReadSystemEventMaskRegister          0x080043b2   Section        0  libdw1000.o(i.dwReadSystemEventMaskRegister)
    i.dwReadSystemEventStatusRegister        0x080043c6   Section        0  libdw1000.o(i.dwReadSystemEventStatusRegister)
    i.dwReadTransmitFrameControlRegister     0x080043da   Section        0  libdw1000.o(i.dwReadTransmitFrameControlRegister)
    i.dwSetAntenaDelay                       0x080043ee   Section        0  libdw1000.o(i.dwSetAntenaDelay)
    i.dwSetChannel                           0x080043f4   Section        0  libdw1000.o(i.dwSetChannel)
    i.dwSetData                              0x08004404   Section        0  libdw1000.o(i.dwSetData)
    i.dwSetDataRate                          0x08004468   Section        0  libdw1000.o(i.dwSetDataRate)
    i.dwSetDefaults                          0x0800451c   Section        0  libdw1000.o(i.dwSetDefaults)
    i.dwSetDoubleBuffering                   0x080045a8   Section        0  libdw1000.o(i.dwSetDoubleBuffering)
    i.dwSetFrameFilter                       0x080045b6   Section        0  libdw1000.o(i.dwSetFrameFilter)
    i.dwSetFrameFilterAllowData              0x080045c2   Section        0  libdw1000.o(i.dwSetFrameFilterAllowData)
    i.dwSetFrameFilterAllowReserved          0x080045ce   Section        0  libdw1000.o(i.dwSetFrameFilterAllowReserved)
    i.dwSetInterruptPolarity                 0x080045da   Section        0  libdw1000.o(i.dwSetInterruptPolarity)
    i.dwSetPreambleCode                      0x080045e6   Section        0  libdw1000.o(i.dwSetPreambleCode)
    i.dwSetPreambleLength                    0x08004604   Section        0  libdw1000.o(i.dwSetPreambleLength)
    i.dwSetPulseFrequency                    0x08004646   Section        0  libdw1000.o(i.dwSetPulseFrequency)
    i.dwSetReceiverAutoReenable              0x08004668   Section        0  libdw1000.o(i.dwSetReceiverAutoReenable)
    i.dwSoftReset                            0x08004674   Section        0  libdw1000.o(i.dwSoftReset)
    i.dwSpiRead                              0x080046d8   Section        0  libdw1000spi.o(i.dwSpiRead)
    i.dwSpiRead16                            0x0800471e   Section        0  libdw1000spi.o(i.dwSpiRead16)
    i.dwSpiRead32                            0x08004730   Section        0  libdw1000spi.o(i.dwSpiRead32)
    i.dwSpiWrite                             0x08004740   Section        0  libdw1000spi.o(i.dwSpiWrite)
    i.dwSpiWrite32                           0x0800478a   Section        0  libdw1000spi.o(i.dwSpiWrite32)
    i.dwStartReceive                         0x0800479c   Section        0  libdw1000.o(i.dwStartReceive)
    i.dwStartTransmit                        0x080047d8   Section        0  libdw1000.o(i.dwStartTransmit)
    i.dwStrError                             0x0800483c   Section        0  libdw1000.o(i.dwStrError)
    i.dwTune                                 0x0800487c   Section        0  libdw1000.o(i.dwTune)
    i.dwUseExtendedFrameLength               0x08004f08   Section        0  libdw1000.o(i.dwUseExtendedFrameLength)
    i.dwUseSmartPower                        0x08004f20   Section        0  libdw1000.o(i.dwUseSmartPower)
    i.dwWaitForResponse                      0x08004f32   Section        0  libdw1000.o(i.dwWaitForResponse)
    i.dwWriteChannelControlRegister          0x08004f42   Section        0  libdw1000.o(i.dwWriteChannelControlRegister)
    i.dwWriteNetworkIdAndDeviceAddress       0x08004f56   Section        0  libdw1000.o(i.dwWriteNetworkIdAndDeviceAddress)
    i.dwWriteSystemConfigurationRegister     0x08004f6a   Section        0  libdw1000.o(i.dwWriteSystemConfigurationRegister)
    i.dwWriteSystemEventMaskRegister         0x08004f7c   Section        0  libdw1000.o(i.dwWriteSystemEventMaskRegister)
    i.dwWriteTransmitFrameControlRegister    0x08004f90   Section        0  libdw1000.o(i.dwWriteTransmitFrameControlRegister)
    i.eepromInit                             0x08004fa4   Section        0  eeprom.o(i.eepromInit)
    i.eepromRead                             0x08004fb0   Section        0  eeprom.o(i.eepromRead)
    i.eepromWrite                            0x08004fd8   Section        0  eeprom.o(i.eepromWrite)
    i.fputc                                  0x08005000   Section        0  usart.o(i.fputc)
    i.getBit                                 0x0800501c   Section        0  libdw1000.o(i.getBit)
    getBit                                   0x0800501d   Thumb Code    24  libdw1000.o(i.getBit)
    i.getPrintableDeviceIdentifier           0x08005034   Section        0  libdw1000_pro.o(i.getPrintableDeviceIdentifier)
    i.getPrintableDeviceMode                 0x08005094   Section        0  libdw1000_pro.o(i.getPrintableDeviceMode)
    i.getPrintableExtendedUniqueIdentifier   0x08005140   Section        0  libdw1000_pro.o(i.getPrintableExtendedUniqueIdentifier)
    i.getPrintableNetworkIdAndShortAddress   0x080051b8   Section        0  libdw1000_pro.o(i.getPrintableNetworkIdAndShortAddress)
    i.handleInput                            0x080051fc   Section        0  cfg.o(i.handleInput)
    i.help                                   0x080052e8   Section        0  cfg.o(i.help)
    i.main                                   0x080053c4   Section        0  main.o(i.main)
    i.printMode                              0x08005bf8   Section        0  cfg.o(i.printMode)
    i.readData                               0x08005c5c   Section        0  cfg.o(i.readData)
    readData                                 0x08005c5d   Thumb Code    58  cfg.o(i.readData)
    i.resetConfig                            0x08005ce0   Section        0  cfg.o(i.resetConfig)
    i.rxcallback                             0x08005d30   Section        0  main.o(i.rxcallback)
    i.setBit                                 0x0800629c   Section        0  libdw1000.o(i.setBit)
    setBit                                   0x0800629d   Thumb Code    32  libdw1000.o(i.setBit)
    i.spiRead                                0x080062bc   Section        0  dwops.o(i.spiRead)
    spiRead                                  0x080062bd   Thumb Code    86  dwops.o(i.spiRead)
    i.spiReadRxInfo                          0x08006320   Section        0  libdw1000.o(i.spiReadRxInfo)
    spiReadRxInfo                            0x08006321   Thumb Code    40  libdw1000.o(i.spiReadRxInfo)
    i.spiSetSpeed                            0x08006348   Section        0  dwops.o(i.spiSetSpeed)
    spiSetSpeed                              0x08006349   Thumb Code    10  dwops.o(i.spiSetSpeed)
    i.spiWrite                               0x08006354   Section        0  dwops.o(i.spiWrite)
    spiWrite                                 0x08006355   Thumb Code    86  dwops.o(i.spiWrite)
    i.tlvFindType                            0x080063b8   Section        0  cfg.o(i.tlvFindType)
    tlvFindType                              0x080063b9   Thumb Code    44  cfg.o(i.tlvFindType)
    i.txcallback                             0x080063e8   Section        0  main.o(i.txcallback)
    i.writeValueToBytes                      0x08006430   Section        0  libdw1000.o(i.writeValueToBytes)
    writeValueToBytes                        0x08006431   Thumb Code    22  libdw1000.o(i.writeValueToBytes)
    i.write_crc                              0x08006448   Section        0  cfg.o(i.write_crc)
    write_crc                                0x08006449   Thumb Code    44  cfg.o(i.write_crc)
    i.write_defaults                         0x0800647c   Section        0  cfg.o(i.write_defaults)
    write_defaults                           0x0800647d   Thumb Code   104  cfg.o(i.write_defaults)
    .constdata                               0x080064f0   Section        8  main.o(.constdata)
    .constdata                               0x080064f8   Section       75  libdw1000.o(.constdata)
    BIAS_500_16                              0x080064fb   Data          18  libdw1000.o(.constdata)
    BIAS_500_64                              0x0800650d   Data          18  libdw1000.o(.constdata)
    BIAS_900_16                              0x0800651f   Data          18  libdw1000.o(.constdata)
    BIAS_900_64                              0x08006531   Data          18  libdw1000.o(.constdata)
    .constdata                               0x08006543   Section        3  libdw1000.o(.constdata)
    .constdata                               0x08006546   Section       16  stm32f4xx_hal_rcc.o(.constdata)
    .constdata                               0x08006556   Section        8  stm32f4xx_hal_dma.o(.constdata)
    flagBitshiftOffset                       0x08006556   Data           8  stm32f4xx_hal_dma.o(.constdata)
    .constdata                               0x08006560   Section       64  log10f.o(.constdata)
    logahi                                   0x08006560   Data          32  log10f.o(.constdata)
    logalo                                   0x08006580   Data          32  log10f.o(.constdata)
    .conststring                             0x080065a0   Section      290  main.o(.conststring)
    .conststring                             0x080066c4   Section       73  cfg.o(.conststring)
    .conststring                             0x08006710   Section       79  libdw1000_pro.o(.conststring)
    .data                                    0x20000000   Section      163  main.o(.data)
    mode                                     0x20000000   Data           1  main.o(.data)
    curr_seq                                 0x20000001   Data           1  main.o(.data)
    prevDropped                              0x2000001c   Data           4  main.o(.data)
    .data                                    0x200000a4   Section       20  dwops.o(.data)
    .data                                    0x200000b8   Section        4  dwops.o(.data)
    dev                                      0x200000b8   Data           4  dwops.o(.data)
    .data                                    0x200000bc   Section        8  cfg.o(.data)
    tlv                                      0x200000bc   Data           4  cfg.o(.data)
    cfgHeader                                0x200000c0   Data           4  cfg.o(.data)
    .data                                    0x200000c4   Section        8  libdw1000.o(.data)
    .data                                    0x200000cc   Section        8  eeprom.o(.data)
    devAddr                                  0x200000cc   Data           4  eeprom.o(.data)
    hi2c                                     0x200000d0   Data           4  eeprom.o(.data)
    .data                                    0x200000d4   Section        2  usart.o(.data)
    .data                                    0x200000d6   Section        1  usart.o(.data)
    .data                                    0x200000d8   Section        4  stm32f4xx_hal.o(.data)
    .data                                    0x200000dc   Section        4  system_stm32f4xx.o(.data)
    .data                                    0x200000e0   Section        4  stdout.o(.data)
    .data                                    0x200000e4   Section        4  errno.o(.data)
    _errno                                   0x200000e4   Data           4  errno.o(.data)
    .bss                                     0x200000e8   Section    18468  main.o(.bss)
    .bss                                     0x20004910   Section       80  main.o(.bss)
    .bss                                     0x20004960   Section     1024  dwops.o(.bss)
    .bss                                     0x20004d60   Section       25  cfg.o(.bss)
    buffer                                   0x20004d60   Data          25  cfg.o(.bss)
    .bss                                     0x20004d7c   Section       68  i2c.o(.bss)
    .bss                                     0x20004dc0   Section       88  spi.o(.bss)
    .bss                                     0x20004e18   Section     1480  usart.o(.bss)
    STACK                                    0x200053e0   Section      512  startup_stm32f405xx.o(STACK)

    Global Symbols

    Symbol Name                              Value     Ov Type        Size  Object(Section)

    BuildAttributes$$THM_ISAv4$E$P$D$K$B$S$7EM$VFPi3$EXTD16$VFPS$VFMA$PE$A:L22UL41UL21$X:L11$S22US41US21$IEEE1$IW$USESV6$~STKCKD$USESV7$~SHL$OTIME$ROPI$IEEEX$EBA8$MICROLIB$REQ8$PRES8$EABIv2 0x00000000   Number         0  anon$$obj.o ABSOLUTE
    __ARM_use_no_argv                        0x00000000   Number         0  main.o ABSOLUTE
    _printf_a                                0x00000000   Number         0  stubs.o ABSOLUTE
    _printf_c                                0x00000000   Number         0  stubs.o ABSOLUTE
    _printf_charcount                        0x00000000   Number         0  stubs.o ABSOLUTE
    _printf_d                                0x00000000   Number         0  stubs.o ABSOLUTE
    _printf_e                                0x00000000   Number         0  stubs.o ABSOLUTE
    _printf_f                                0x00000000   Number         0  stubs.o ABSOLUTE
    _printf_flags                            0x00000000   Number         0  stubs.o ABSOLUTE
    _printf_fp_dec                           0x00000000   Number         0  stubs.o ABSOLUTE
    _printf_fp_hex                           0x00000000   Number         0  stubs.o ABSOLUTE
    _printf_g                                0x00000000   Number         0  stubs.o ABSOLUTE
    _printf_i                                0x00000000   Number         0  stubs.o ABSOLUTE
    _printf_int_dec                          0x00000000   Number         0  stubs.o ABSOLUTE
    _printf_l                                0x00000000   Number         0  stubs.o ABSOLUTE
    _printf_lc                               0x00000000   Number         0  stubs.o ABSOLUTE
    _printf_ll                               0x00000000   Number         0  stubs.o ABSOLUTE
    _printf_lld                              0x00000000   Number         0  stubs.o ABSOLUTE
    _printf_lli                              0x00000000   Number         0  stubs.o ABSOLUTE
    _printf_llo                              0x00000000   Number         0  stubs.o ABSOLUTE
    _printf_llu                              0x00000000   Number         0  stubs.o ABSOLUTE
    _printf_llx                              0x00000000   Number         0  stubs.o ABSOLUTE
    _printf_longlong_dec                     0x00000000   Number         0  stubs.o ABSOLUTE
    _printf_longlong_hex                     0x00000000   Number         0  stubs.o ABSOLUTE
    _printf_longlong_oct                     0x00000000   Number         0  stubs.o ABSOLUTE
    _printf_ls                               0x00000000   Number         0  stubs.o ABSOLUTE
    _printf_mbtowc                           0x00000000   Number         0  stubs.o ABSOLUTE
    _printf_n                                0x00000000   Number         0  stubs.o ABSOLUTE
    _printf_o                                0x00000000   Number         0  stubs.o ABSOLUTE
    _printf_p                                0x00000000   Number         0  stubs.o ABSOLUTE
    _printf_percent                          0x00000000   Number         0  stubs.o ABSOLUTE
    _printf_pre_padding                      0x00000000   Number         0  stubs.o ABSOLUTE
    _printf_return_value                     0x00000000   Number         0  stubs.o ABSOLUTE
    _printf_s                                0x00000000   Number         0  stubs.o ABSOLUTE
    _printf_sizespec                         0x00000000   Number         0  stubs.o ABSOLUTE
    _printf_str                              0x00000000   Number         0  stubs.o ABSOLUTE
    _printf_truncate_signed                  0x00000000   Number         0  stubs.o ABSOLUTE
    _printf_truncate_unsigned                0x00000000   Number         0  stubs.o ABSOLUTE
    _printf_u                                0x00000000   Number         0  stubs.o ABSOLUTE
    _printf_wc                               0x00000000   Number         0  stubs.o ABSOLUTE
    _printf_wctomb                           0x00000000   Number         0  stubs.o ABSOLUTE
    _printf_widthprec                        0x00000000   Number         0  stubs.o ABSOLUTE
    _printf_x                                0x00000000   Number         0  stubs.o ABSOLUTE
    __cpp_initialize__aeabi_                  - Undefined Weak Reference
    __cxa_finalize                            - Undefined Weak Reference
    __decompress                              - Undefined Weak Reference
    _clock_init                               - Undefined Weak Reference
    _microlib_exit                            - Undefined Weak Reference
    __Vectors_Size                           0x00000188   Number         0  startup_stm32f405xx.o ABSOLUTE
    __Vectors                                0x08000000   Data           4  startup_stm32f405xx.o(RESET)
    __Vectors_End                            0x08000188   Data           0  startup_stm32f405xx.o(RESET)
    __main                                   0x08000189   Thumb Code     0  entry.o(.ARM.Collect$$$$00000000)
    _main_stk                                0x08000189   Thumb Code     0  entry2.o(.ARM.Collect$$$$00000001)
    _main_scatterload                        0x0800018d   Thumb Code     0  entry5.o(.ARM.Collect$$$$00000004)
    __main_after_scatterload                 0x08000191   Thumb Code     0  entry5.o(.ARM.Collect$$$$00000004)
    _main_clock                              0x08000191   Thumb Code     0  entry7b.o(.ARM.Collect$$$$00000008)
    _main_cpp_init                           0x08000191   Thumb Code     0  entry8b.o(.ARM.Collect$$$$0000000A)
    _main_init                               0x08000191   Thumb Code     0  entry9a.o(.ARM.Collect$$$$0000000B)
    __rt_final_cpp                           0x08000199   Thumb Code     0  entry10a.o(.ARM.Collect$$$$0000000D)
    __rt_final_exit                          0x08000199   Thumb Code     0  entry11a.o(.ARM.Collect$$$$0000000F)
    Reset_Handler                            0x0800019d   Thumb Code     8  startup_stm32f405xx.o(.text)
    HardFault_Handler                        0x080001a7   Thumb Code     2  startup_stm32f405xx.o(.text)
    MemManage_Handler                        0x080001a9   Thumb Code     2  startup_stm32f405xx.o(.text)
    BusFault_Handler                         0x080001ab   Thumb Code     2  startup_stm32f405xx.o(.text)
    UsageFault_Handler                       0x080001ad   Thumb Code     2  startup_stm32f405xx.o(.text)
    SVC_Handler                              0x080001af   Thumb Code     2  startup_stm32f405xx.o(.text)
    DebugMon_Handler                         0x080001b1   Thumb Code     2  startup_stm32f405xx.o(.text)
    PendSV_Handler                           0x080001b3   Thumb Code     2  startup_stm32f405xx.o(.text)
    ADC_IRQHandler                           0x080001b7   Thumb Code     0  startup_stm32f405xx.o(.text)
    CAN1_RX0_IRQHandler                      0x080001b7   Thumb Code     0  startup_stm32f405xx.o(.text)
    CAN1_RX1_IRQHandler                      0x080001b7   Thumb Code     0  startup_stm32f405xx.o(.text)
    CAN1_SCE_IRQHandler                      0x080001b7   Thumb Code     0  startup_stm32f405xx.o(.text)
    CAN1_TX_IRQHandler                       0x080001b7   Thumb Code     0  startup_stm32f405xx.o(.text)
    CAN2_RX0_IRQHandler                      0x080001b7   Thumb Code     0  startup_stm32f405xx.o(.text)
    CAN2_RX1_IRQHandler                      0x080001b7   Thumb Code     0  startup_stm32f405xx.o(.text)
    CAN2_SCE_IRQHandler                      0x080001b7   Thumb Code     0  startup_stm32f405xx.o(.text)
    CAN2_TX_IRQHandler                       0x080001b7   Thumb Code     0  startup_stm32f405xx.o(.text)
    DMA1_Stream0_IRQHandler                  0x080001b7   Thumb Code     0  startup_stm32f405xx.o(.text)
    DMA1_Stream1_IRQHandler                  0x080001b7   Thumb Code     0  startup_stm32f405xx.o(.text)
    DMA1_Stream2_IRQHandler                  0x080001b7   Thumb Code     0  startup_stm32f405xx.o(.text)
    DMA1_Stream3_IRQHandler                  0x080001b7   Thumb Code     0  startup_stm32f405xx.o(.text)
    DMA1_Stream4_IRQHandler                  0x080001b7   Thumb Code     0  startup_stm32f405xx.o(.text)
    DMA1_Stream7_IRQHandler                  0x080001b7   Thumb Code     0  startup_stm32f405xx.o(.text)
    DMA2_Stream0_IRQHandler                  0x080001b7   Thumb Code     0  startup_stm32f405xx.o(.text)
    DMA2_Stream1_IRQHandler                  0x080001b7   Thumb Code     0  startup_stm32f405xx.o(.text)
    DMA2_Stream2_IRQHandler                  0x080001b7   Thumb Code     0  startup_stm32f405xx.o(.text)
    DMA2_Stream3_IRQHandler                  0x080001b7   Thumb Code     0  startup_stm32f405xx.o(.text)
    DMA2_Stream4_IRQHandler                  0x080001b7   Thumb Code     0  startup_stm32f405xx.o(.text)
    DMA2_Stream6_IRQHandler                  0x080001b7   Thumb Code     0  startup_stm32f405xx.o(.text)
    EXTI15_10_IRQHandler                     0x080001b7   Thumb Code     0  startup_stm32f405xx.o(.text)
    EXTI1_IRQHandler                         0x080001b7   Thumb Code     0  startup_stm32f405xx.o(.text)
    EXTI2_IRQHandler                         0x080001b7   Thumb Code     0  startup_stm32f405xx.o(.text)
    EXTI3_IRQHandler                         0x080001b7   Thumb Code     0  startup_stm32f405xx.o(.text)
    EXTI4_IRQHandler                         0x080001b7   Thumb Code     0  startup_stm32f405xx.o(.text)
    EXTI9_5_IRQHandler                       0x080001b7   Thumb Code     0  startup_stm32f405xx.o(.text)
    FLASH_IRQHandler                         0x080001b7   Thumb Code     0  startup_stm32f405xx.o(.text)
    FMC_IRQHandler                           0x080001b7   Thumb Code     0  startup_stm32f405xx.o(.text)
    FPU_IRQHandler                           0x080001b7   Thumb Code     0  startup_stm32f405xx.o(.text)
    HASH_RNG_IRQHandler                      0x080001b7   Thumb Code     0  startup_stm32f405xx.o(.text)
    I2C1_ER_IRQHandler                       0x080001b7   Thumb Code     0  startup_stm32f405xx.o(.text)
    I2C1_EV_IRQHandler                       0x080001b7   Thumb Code     0  startup_stm32f405xx.o(.text)
    I2C2_ER_IRQHandler                       0x080001b7   Thumb Code     0  startup_stm32f405xx.o(.text)
    I2C2_EV_IRQHandler                       0x080001b7   Thumb Code     0  startup_stm32f405xx.o(.text)
    I2C3_ER_IRQHandler                       0x080001b7   Thumb Code     0  startup_stm32f405xx.o(.text)
    I2C3_EV_IRQHandler                       0x080001b7   Thumb Code     0  startup_stm32f405xx.o(.text)
    OTG_FS_IRQHandler                        0x080001b7   Thumb Code     0  startup_stm32f405xx.o(.text)
    OTG_FS_WKUP_IRQHandler                   0x080001b7   Thumb Code     0  startup_stm32f405xx.o(.text)
    OTG_HS_EP1_IN_IRQHandler                 0x080001b7   Thumb Code     0  startup_stm32f405xx.o(.text)
    OTG_HS_EP1_OUT_IRQHandler                0x080001b7   Thumb Code     0  startup_stm32f405xx.o(.text)
    OTG_HS_IRQHandler                        0x080001b7   Thumb Code     0  startup_stm32f405xx.o(.text)
    OTG_HS_WKUP_IRQHandler                   0x080001b7   Thumb Code     0  startup_stm32f405xx.o(.text)
    PVD_IRQHandler                           0x080001b7   Thumb Code     0  startup_stm32f405xx.o(.text)
    RCC_IRQHandler                           0x080001b7   Thumb Code     0  startup_stm32f405xx.o(.text)
    RTC_Alarm_IRQHandler                     0x080001b7   Thumb Code     0  startup_stm32f405xx.o(.text)
    RTC_WKUP_IRQHandler                      0x080001b7   Thumb Code     0  startup_stm32f405xx.o(.text)
    SDIO_IRQHandler                          0x080001b7   Thumb Code     0  startup_stm32f405xx.o(.text)
    SPI1_IRQHandler                          0x080001b7   Thumb Code     0  startup_stm32f405xx.o(.text)
    SPI2_IRQHandler                          0x080001b7   Thumb Code     0  startup_stm32f405xx.o(.text)
    SPI3_IRQHandler                          0x080001b7   Thumb Code     0  startup_stm32f405xx.o(.text)
    TAMP_STAMP_IRQHandler                    0x080001b7   Thumb Code     0  startup_stm32f405xx.o(.text)
    TIM1_BRK_TIM9_IRQHandler                 0x080001b7   Thumb Code     0  startup_stm32f405xx.o(.text)
    TIM1_CC_IRQHandler                       0x080001b7   Thumb Code     0  startup_stm32f405xx.o(.text)
    TIM1_TRG_COM_TIM11_IRQHandler            0x080001b7   Thumb Code     0  startup_stm32f405xx.o(.text)
    TIM1_UP_TIM10_IRQHandler                 0x080001b7   Thumb Code     0  startup_stm32f405xx.o(.text)
    TIM2_IRQHandler                          0x080001b7   Thumb Code     0  startup_stm32f405xx.o(.text)
    TIM3_IRQHandler                          0x080001b7   Thumb Code     0  startup_stm32f405xx.o(.text)
    TIM4_IRQHandler                          0x080001b7   Thumb Code     0  startup_stm32f405xx.o(.text)
    TIM5_IRQHandler                          0x080001b7   Thumb Code     0  startup_stm32f405xx.o(.text)
    TIM6_DAC_IRQHandler                      0x080001b7   Thumb Code     0  startup_stm32f405xx.o(.text)
    TIM7_IRQHandler                          0x080001b7   Thumb Code     0  startup_stm32f405xx.o(.text)
    TIM8_BRK_TIM12_IRQHandler                0x080001b7   Thumb Code     0  startup_stm32f405xx.o(.text)
    TIM8_CC_IRQHandler                       0x080001b7   Thumb Code     0  startup_stm32f405xx.o(.text)
    TIM8_TRG_COM_TIM14_IRQHandler            0x080001b7   Thumb Code     0  startup_stm32f405xx.o(.text)
    TIM8_UP_TIM13_IRQHandler                 0x080001b7   Thumb Code     0  startup_stm32f405xx.o(.text)
    UART4_IRQHandler                         0x080001b7   Thumb Code     0  startup_stm32f405xx.o(.text)
    UART5_IRQHandler                         0x080001b7   Thumb Code     0  startup_stm32f405xx.o(.text)
    USART3_IRQHandler                        0x080001b7   Thumb Code     0  startup_stm32f405xx.o(.text)
    USART6_IRQHandler                        0x080001b7   Thumb Code     0  startup_stm32f405xx.o(.text)
    WWDG_IRQHandler                          0x080001b7   Thumb Code     0  startup_stm32f405xx.o(.text)
    __aeabi_memcpy                           0x080001c1   Thumb Code    36  memcpya.o(.text)
    __aeabi_memcpy4                          0x080001c1   Thumb Code     0  memcpya.o(.text)
    __aeabi_memcpy8                          0x080001c1   Thumb Code     0  memcpya.o(.text)
    __aeabi_memset                           0x080001e5   Thumb Code    14  memseta.o(.text)
    __aeabi_memset4                          0x080001e5   Thumb Code     0  memseta.o(.text)
    __aeabi_memset8                          0x080001e5   Thumb Code     0  memseta.o(.text)
    __aeabi_memclr                           0x080001f3   Thumb Code     4  memseta.o(.text)
    __aeabi_memclr4                          0x080001f3   Thumb Code     0  memseta.o(.text)
    __aeabi_memclr8                          0x080001f3   Thumb Code     0  memseta.o(.text)
    _memset$wrapper                          0x080001f7   Thumb Code    18  memseta.o(.text)
    memcmp                                   0x08000209   Thumb Code    26  memcmp.o(.text)
    __aeabi_dadd                             0x08000223   Thumb Code   322  dadd.o(.text)
    __aeabi_dsub                             0x08000365   Thumb Code     6  dadd.o(.text)
    __aeabi_drsub                            0x0800036b   Thumb Code     6  dadd.o(.text)
    __aeabi_dmul                             0x08000371   Thumb Code   228  dmul.o(.text)
    __aeabi_ddiv                             0x08000455   Thumb Code   222  ddiv.o(.text)
    __aeabi_ui2d                             0x08000533   Thumb Code    26  dfltui.o(.text)
    __aeabi_d2iz                             0x0800054d   Thumb Code    62  dfixi.o(.text)
    __aeabi_d2uiz                            0x0800058b   Thumb Code    50  dfixui.o(.text)
    __aeabi_cdcmpeq                          0x080005bd   Thumb Code     0  cdcmple.o(.text)
    __aeabi_cdcmple                          0x080005bd   Thumb Code    48  cdcmple.o(.text)
    __aeabi_cdrcmple                         0x080005ed   Thumb Code    48  cdrcmple.o(.text)
    __aeabi_uldivmod                         0x0800061d   Thumb Code    98  uldiv.o(.text)
    __aeabi_llsl                             0x0800067f   Thumb Code    30  llshl.o(.text)
    _ll_shift_l                              0x0800067f   Thumb Code     0  llshl.o(.text)
    __aeabi_llsr                             0x0800069d   Thumb Code    32  llushr.o(.text)
    _ll_ushift_r                             0x0800069d   Thumb Code     0  llushr.o(.text)
    __aeabi_lasr                             0x080006bd   Thumb Code    36  llsshr.o(.text)
    _ll_sshift_r                             0x080006bd   Thumb Code     0  llsshr.o(.text)
    __I$use$fp                               0x080006e1   Thumb Code     0  iusefp.o(.text)
    _double_round                            0x080006e1   Thumb Code    30  depilogue.o(.text)
    _double_epilogue                         0x080006ff   Thumb Code   156  depilogue.o(.text)
    __scatterload                            0x0800079d   Thumb Code    28  init.o(.text)
    __scatterload_rt2                        0x0800079d   Thumb Code     0  init.o(.text)
    DMA1_Stream5_IRQHandler                  0x080007c1   Thumb Code     6  stm32f4xx_it.o(i.DMA1_Stream5_IRQHandler)
    DMA1_Stream6_IRQHandler                  0x080007cd   Thumb Code     6  stm32f4xx_it.o(i.DMA1_Stream6_IRQHandler)
    DMA2_Stream5_IRQHandler                  0x080007d9   Thumb Code     6  stm32f4xx_it.o(i.DMA2_Stream5_IRQHandler)
    DMA2_Stream7_IRQHandler                  0x080007e5   Thumb Code     6  stm32f4xx_it.o(i.DMA2_Stream7_IRQHandler)
    EXTI0_IRQHandler                         0x08000841   Thumb Code     6  stm32f4xx_it.o(i.EXTI0_IRQHandler)
    HAL_DMA_IRQHandler                       0x08000849   Thumb Code   412  stm32f4xx_hal_dma.o(i.HAL_DMA_IRQHandler)
    HAL_DMA_Init                             0x080009e9   Thumb Code   116  stm32f4xx_hal_dma.o(i.HAL_DMA_Init)
    HAL_DMA_Start_IT                         0x08000a61   Thumb Code    78  stm32f4xx_hal_dma.o(i.HAL_DMA_Start_IT)
    HAL_Delay                                0x08000aaf   Thumb Code    22  stm32f4xx_hal.o(i.HAL_Delay)
    HAL_GPIO_EXTI_Callback                   0x08000ac5   Thumb Code    40  dwops.o(i.HAL_GPIO_EXTI_Callback)
    HAL_GPIO_EXTI_IRQHandler                 0x08000af5   Thumb Code    18  stm32f4xx_hal_gpio.o(i.HAL_GPIO_EXTI_IRQHandler)
    HAL_GPIO_Init                            0x08000b0d   Thumb Code   398  stm32f4xx_hal_gpio.o(i.HAL_GPIO_Init)
    HAL_GPIO_ReadPin                         0x08000ccd   Thumb Code    10  stm32f4xx_hal_gpio.o(i.HAL_GPIO_ReadPin)
    HAL_GPIO_TogglePin                       0x08000cd7   Thumb Code     8  stm32f4xx_hal_gpio.o(i.HAL_GPIO_TogglePin)
    HAL_GPIO_WritePin                        0x08000cdf   Thumb Code    10  stm32f4xx_hal_gpio.o(i.HAL_GPIO_WritePin)
    HAL_GetTick                              0x08000ce9   Thumb Code     6  stm32f4xx_hal.o(i.HAL_GetTick)
    HAL_I2C_Init                             0x08000cf5   Thumb Code   254  stm32f4xx_hal_i2c.o(i.HAL_I2C_Init)
    HAL_I2C_Mem_Read                         0x08000dfd   Thumb Code   456  stm32f4xx_hal_i2c.o(i.HAL_I2C_Mem_Read)
    HAL_I2C_Mem_Write                        0x08000fd1   Thumb Code   236  stm32f4xx_hal_i2c.o(i.HAL_I2C_Mem_Write)
    HAL_I2C_MspInit                          0x080010c5   Thumb Code    62  i2c.o(i.HAL_I2C_MspInit)
    HAL_IncTick                              0x08001111   Thumb Code    10  stm32f4xx_hal.o(i.HAL_IncTick)
    HAL_Init                                 0x08001121   Thumb Code    48  stm32f4xx_hal.o(i.HAL_Init)
    HAL_InitTick                             0x08001155   Thumb Code    34  stm32f4xx_hal.o(i.HAL_InitTick)
    HAL_MspInit                              0x08001177   Thumb Code    22  stm32f4xx_hal_msp.o(i.HAL_MspInit)
    HAL_NVIC_ClearPendingIRQ                 0x0800118d   Thumb Code    22  stm32f4xx_hal_cortex.o(i.HAL_NVIC_ClearPendingIRQ)
    HAL_NVIC_EnableIRQ                       0x080011a3   Thumb Code    22  stm32f4xx_hal_cortex.o(i.HAL_NVIC_EnableIRQ)
    HAL_NVIC_SetPriority                     0x080011b9   Thumb Code    60  stm32f4xx_hal_cortex.o(i.HAL_NVIC_SetPriority)
    HAL_NVIC_SetPriorityGrouping             0x080011f9   Thumb Code    26  stm32f4xx_hal_cortex.o(i.HAL_NVIC_SetPriorityGrouping)
    HAL_RCC_CSSCallback                      0x0800121d   Thumb Code     2  stm32f4xx_hal_rcc.o(i.HAL_RCC_CSSCallback)
    HAL_RCC_ClockConfig                      0x08001221   Thumb Code   312  stm32f4xx_hal_rcc.o(i.HAL_RCC_ClockConfig)
    HAL_RCC_GetHCLKFreq                      0x08001361   Thumb Code    38  stm32f4xx_hal_rcc.o(i.HAL_RCC_GetHCLKFreq)
    HAL_RCC_GetPCLK1Freq                     0x08001395   Thumb Code    36  stm32f4xx_hal_rcc.o(i.HAL_RCC_GetPCLK1Freq)
    HAL_RCC_GetPCLK2Freq                     0x080013c1   Thumb Code    36  stm32f4xx_hal_rcc.o(i.HAL_RCC_GetPCLK2Freq)
    HAL_RCC_GetSysClockFreq                  0x080013ed   Thumb Code   104  stm32f4xx_hal_rcc.o(i.HAL_RCC_GetSysClockFreq)
    HAL_RCC_NMI_IRQHandler                   0x0800145d   Thumb Code    24  stm32f4xx_hal_rcc.o(i.HAL_RCC_NMI_IRQHandler)
    HAL_RCC_OscConfig                        0x08001479   Thumb Code   722  stm32f4xx_hal_rcc.o(i.HAL_RCC_OscConfig)
    HAL_SPI_Init                             0x0800175d   Thumb Code   140  stm32f4xx_hal_spi.o(i.HAL_SPI_Init)
    HAL_SPI_MspInit                          0x080017e9   Thumb Code    62  spi.o(i.HAL_SPI_MspInit)
    HAL_SPI_Receive                          0x08001835   Thumb Code   504  stm32f4xx_hal_spi.o(i.HAL_SPI_Receive)
    HAL_SPI_Transmit                         0x08001a2d   Thumb Code   382  stm32f4xx_hal_spi.o(i.HAL_SPI_Transmit)
    HAL_SPI_TransmitReceive                  0x08001bab   Thumb Code   514  stm32f4xx_hal_spi.o(i.HAL_SPI_TransmitReceive)
    HAL_SYSTICK_CLKSourceConfig              0x08001dad   Thumb Code    24  stm32f4xx_hal_cortex.o(i.HAL_SYSTICK_CLKSourceConfig)
    HAL_SYSTICK_Callback                     0x08001dc5   Thumb Code     2  stm32f4xx_hal_cortex.o(i.HAL_SYSTICK_Callback)
    HAL_SYSTICK_Config                       0x08001dc7   Thumb Code    40  stm32f4xx_hal_cortex.o(i.HAL_SYSTICK_Config)
    HAL_SYSTICK_IRQHandler                   0x08001def   Thumb Code     8  stm32f4xx_hal_cortex.o(i.HAL_SYSTICK_IRQHandler)
    HAL_UART_ErrorCallback                   0x08001df7   Thumb Code     2  stm32f4xx_hal_uart.o(i.HAL_UART_ErrorCallback)
    HAL_UART_IRQHandler                      0x08001df9   Thumb Code   232  stm32f4xx_hal_uart.o(i.HAL_UART_IRQHandler)
    HAL_UART_Init                            0x08001ee1   Thumb Code    98  stm32f4xx_hal_uart.o(i.HAL_UART_Init)
    HAL_UART_MspInit                         0x08001f45   Thumb Code   368  usart.o(i.HAL_UART_MspInit)
    HAL_UART_Receive_DMA                     0x080020ed   Thumb Code   106  stm32f4xx_hal_uart.o(i.HAL_UART_Receive_DMA)
    HAL_UART_RxCpltCallback                  0x08002165   Thumb Code    46  usart.o(i.HAL_UART_RxCpltCallback)
    HAL_UART_RxHalfCpltCallback              0x080021a5   Thumb Code     2  stm32f4xx_hal_uart.o(i.HAL_UART_RxHalfCpltCallback)
    HAL_UART_Transmit                        0x080021a7   Thumb Code   170  stm32f4xx_hal_uart.o(i.HAL_UART_Transmit)
    HAL_UART_Transmit_DMA                    0x08002251   Thumb Code   110  stm32f4xx_hal_uart.o(i.HAL_UART_Transmit_DMA)
    HAL_UART_TxCpltCallback                  0x080022cd   Thumb Code     2  usart.o(i.HAL_UART_TxCpltCallback)
    HAL_UART_TxHalfCpltCallback              0x080022cf   Thumb Code     2  stm32f4xx_hal_uart.o(i.HAL_UART_TxHalfCpltCallback)
    LED_init                                 0x0800264d   Thumb Code    32  led.o(i.LED_init)
    LED_off                                  0x08002671   Thumb Code    56  led.o(i.LED_off)
    LED_on                                   0x080026ad   Thumb Code    56  led.o(i.LED_on)
    LED_toggle                               0x080026e9   Thumb Code    50  led.o(i.LED_toggle)
    MX_DMA_Init                              0x08002721   Thumb Code   104  dma.o(i.MX_DMA_Init)
    MX_GPIO_Init                             0x0800278d   Thumb Code   160  gpio.o(i.MX_GPIO_Init)
    MX_I2C1_Init                             0x08002841   Thumb Code    36  i2c.o(i.MX_I2C1_Init)
    MX_SPI1_Init                             0x0800286d   Thumb Code    46  spi.o(i.MX_SPI1_Init)
    MX_SPI1_Init_Fast                        0x080028a5   Thumb Code    60  spi.o(i.MX_SPI1_Init_Fast)
    MX_USART1_UART_Init                      0x080028e9   Thumb Code    32  usart.o(i.MX_USART1_UART_Init)
    MX_USART2_UART_Init                      0x08002911   Thumb Code    32  usart.o(i.MX_USART2_UART_Init)
    NMI_Handler                              0x08002939   Thumb Code     4  stm32f4xx_it.o(i.NMI_Handler)
    SysTick_Handler                          0x08002a2d   Thumb Code    14  stm32f4xx_it.o(i.SysTick_Handler)
    SystemClock_Config                       0x08002a3d   Thumb Code   140  main.o(i.SystemClock_Config)
    SystemInit                               0x08002ad1   Thumb Code    66  system_stm32f4xx.o(i.SystemInit)
    USART1_IRQHandler                        0x08002fed   Thumb Code     6  stm32f4xx_it.o(i.USART1_IRQHandler)
    USART2_IRQHandler                        0x08002ff9   Thumb Code     6  stm32f4xx_it.o(i.USART2_IRQHandler)
    _Error_Handler                           0x08003005   Thumb Code     2  main.o(i._Error_Handler)
    __0printf$8                              0x08003009   Thumb Code    22  printf8.o(i.__0printf$8)
    __1printf$8                              0x08003009   Thumb Code     0  printf8.o(i.__0printf$8)
    __2printf                                0x08003009   Thumb Code     0  printf8.o(i.__0printf$8)
    __0sprintf$8                             0x08003029   Thumb Code    34  printf8.o(i.__0sprintf$8)
    __1sprintf$8                             0x08003029   Thumb Code     0  printf8.o(i.__0sprintf$8)
    __2sprintf                               0x08003029   Thumb Code     0  printf8.o(i.__0sprintf$8)
    __hardfp_log10f                          0x08003051   Thumb Code   332  log10f.o(i.__hardfp_log10f)
    __mathlib_flt_divzero                    0x080031d1   Thumb Code    14  funder.o(i.__mathlib_flt_divzero)
    __mathlib_flt_infnan                     0x080031e5   Thumb Code     6  funder.o(i.__mathlib_flt_infnan)
    __mathlib_flt_invalid                    0x080031ed   Thumb Code    10  funder.o(i.__mathlib_flt_invalid)
    __scatterload_copy                       0x080031fd   Thumb Code    14  handlers.o(i.__scatterload_copy)
    __scatterload_null                       0x0800320b   Thumb Code     2  handlers.o(i.__scatterload_null)
    __scatterload_zeroinit                   0x0800320d   Thumb Code    14  handlers.o(i.__scatterload_zeroinit)
    __set_errno                              0x0800321d   Thumb Code     6  errno.o(i.__set_errno)
    cfgFieldSize                             0x08003705   Thumb Code    32  cfg.o(i.cfgFieldSize)
    cfgInit                                  0x08003729   Thumb Code    60  cfg.o(i.cfgInit)
    cfgReadU8                                0x08003831   Thumb Code    32  cfg.o(i.cfgReadU8)
    cfgReadU8list                            0x08003855   Thumb Code    40  cfg.o(i.cfgReadU8list)
    cfgReset                                 0x08003881   Thumb Code    28  cfg.o(i.cfgReset)
    cfgWriteU8                               0x0800389d   Thumb Code    92  cfg.o(i.cfgWriteU8)
    cfgWriteU8list                           0x08003901   Thumb Code   110  cfg.o(i.cfgWriteU8list)
    changeAddress                            0x080039a1   Thumb Code    56  cfg.o(i.changeAddress)
    changeMode                               0x08003a41   Thumb Code    36  cfg.o(i.changeMode)
    dwAttachReceivedHandler                  0x08003b1d   Thumb Code     4  libdw1000.o(i.dwAttachReceivedHandler)
    dwAttachSentHandler                      0x08003b21   Thumb Code     4  libdw1000.o(i.dwAttachSentHandler)
    dwClearReceiveStatus                     0x08003b25   Thumb Code   124  libdw1000.o(i.dwClearReceiveStatus)
    dwClearReceiveTimestampAvailableStatus   0x08003ba1   Thumb Code    40  libdw1000.o(i.dwClearReceiveTimestampAvailableStatus)
    dwClearTransmitStatus                    0x08003bc9   Thumb Code    76  libdw1000.o(i.dwClearTransmitStatus)
    dwCommitConfiguration                    0x08003c15   Thumb Code    76  libdw1000.o(i.dwCommitConfiguration)
    dwConfigure                              0x08003c61   Thumb Code   176  libdw1000.o(i.dwConfigure)
    dwCorrectTimestamp                       0x08003d15   Thumb Code   260  libdw1000.o(i.dwCorrectTimestamp)
    dwEnableAllLeds                          0x08003e29   Thumb Code    98  libdw1000.o(i.dwEnableAllLeds)
    dwEnableClock                            0x08003e91   Thumb Code   150  libdw1000.o(i.dwEnableClock)
    dwEnableMode                             0x08003f27   Thumb Code    58  libdw1000.o(i.dwEnableMode)
    dwGetData                                0x08003f61   Thumb Code    20  libdw1000.o(i.dwGetData)
    dwGetDataLength                          0x08003f75   Thumb Code    62  libdw1000.o(i.dwGetDataLength)
    dwGetDeviceId                            0x08003fb3   Thumb Code     8  libdw1000.o(i.dwGetDeviceId)
    dwGetReceivePower                        0x08003fbd   Thumb Code    58  libdw1000.o(i.dwGetReceivePower)
    dwGetReceiveTimestamp                    0x08003ffd   Thumb Code    40  libdw1000.o(i.dwGetReceiveTimestamp)
    dwGetTransmitTimestamp                   0x08004025   Thumb Code    18  libdw1000.o(i.dwGetTransmitTimestamp)
    dwHandleInterrupt                        0x08004039   Thumb Code   168  libdw1000.o(i.dwHandleInterrupt)
    dwIdle                                   0x080040e5   Thumb Code    34  libdw1000.o(i.dwIdle)
    dwInit                                   0x08004109   Thumb Code    70  libdw1000.o(i.dwInit)
    dwInterruptOnAutomaticAcknowledgeTrigger 0x08004155   Thumb Code    12  libdw1000.o(i.dwInterruptOnAutomaticAcknowledgeTrigger)
    dwInterruptOnReceiveFailed               0x08004161   Thumb Code    58  libdw1000.o(i.dwInterruptOnReceiveFailed)
    dwInterruptOnReceiveTimeout              0x0800419b   Thumb Code    12  libdw1000.o(i.dwInterruptOnReceiveTimeout)
    dwInterruptOnReceiveTimestampAvailable   0x080041a7   Thumb Code    12  libdw1000.o(i.dwInterruptOnReceiveTimestampAvailable)
    dwInterruptOnReceived                    0x080041b3   Thumb Code    34  libdw1000.o(i.dwInterruptOnReceived)
    dwInterruptOnSent                        0x080041d5   Thumb Code    12  libdw1000.o(i.dwInterruptOnSent)
    dwIsClockProblem                         0x080041e1   Thumb Code    38  libdw1000.o(i.dwIsClockProblem)
    dwIsReceiveDone                          0x08004207   Thumb Code    20  libdw1000.o(i.dwIsReceiveDone)
    dwIsReceiveFailed                        0x0800421b   Thumb Code    72  libdw1000.o(i.dwIsReceiveFailed)
    dwIsReceiveTimeout                       0x08004263   Thumb Code    10  libdw1000.o(i.dwIsReceiveTimeout)
    dwIsReceiveTimestampAvailable            0x0800426d   Thumb Code    10  libdw1000.o(i.dwIsReceiveTimestampAvailable)
    dwIsTransmitDone                         0x08004277   Thumb Code    10  libdw1000.o(i.dwIsTransmitDone)
    dwManageLDE                              0x08004281   Thumb Code   124  libdw1000.o(i.dwManageLDE)
    dwNewConfiguration                       0x080042fd   Thumb Code    42  libdw1000.o(i.dwNewConfiguration)
    dwNewReceive                             0x08004327   Thumb Code    24  libdw1000.o(i.dwNewReceive)
    dwNewTransmit                            0x0800433f   Thumb Code    24  libdw1000.o(i.dwNewTransmit)
    dwOpsInit                                0x08004359   Thumb Code    26  dwops.o(i.dwOpsInit)
    dwReadChannelControlRegister             0x08004379   Thumb Code    20  libdw1000.o(i.dwReadChannelControlRegister)
    dwReadNetworkIdAndDeviceAddress          0x0800438d   Thumb Code    20  libdw1000.o(i.dwReadNetworkIdAndDeviceAddress)
    dwReadSystemConfigurationRegister        0x080043a1   Thumb Code    18  libdw1000.o(i.dwReadSystemConfigurationRegister)
    dwReadSystemEventMaskRegister            0x080043b3   Thumb Code    20  libdw1000.o(i.dwReadSystemEventMaskRegister)
    dwReadSystemEventStatusRegister          0x080043c7   Thumb Code    20  libdw1000.o(i.dwReadSystemEventStatusRegister)
    dwReadTransmitFrameControlRegister       0x080043db   Thumb Code    20  libdw1000.o(i.dwReadTransmitFrameControlRegister)
    dwSetAntenaDelay                         0x080043ef   Thumb Code     6  libdw1000.o(i.dwSetAntenaDelay)
    dwSetChannel                             0x080043f5   Thumb Code    16  libdw1000.o(i.dwSetChannel)
    dwSetData                                0x08004405   Thumb Code    76  libdw1000.o(i.dwSetData)
    dwSetDataRate                            0x08004469   Thumb Code   178  libdw1000.o(i.dwSetDataRate)
    dwSetDefaults                            0x0800451d   Thumb Code   134  libdw1000.o(i.dwSetDefaults)
    dwSetDoubleBuffering                     0x080045a9   Thumb Code    14  libdw1000.o(i.dwSetDoubleBuffering)
    dwSetFrameFilter                         0x080045b7   Thumb Code    12  libdw1000.o(i.dwSetFrameFilter)
    dwSetFrameFilterAllowData                0x080045c3   Thumb Code    12  libdw1000.o(i.dwSetFrameFilterAllowData)
    dwSetFrameFilterAllowReserved            0x080045cf   Thumb Code    12  libdw1000.o(i.dwSetFrameFilterAllowReserved)
    dwSetInterruptPolarity                   0x080045db   Thumb Code    12  libdw1000.o(i.dwSetInterruptPolarity)
    dwSetPreambleCode                        0x080045e7   Thumb Code    30  libdw1000.o(i.dwSetPreambleCode)
    dwSetPreambleLength                      0x08004605   Thumb Code    66  libdw1000.o(i.dwSetPreambleLength)
    dwSetPulseFrequency                      0x08004647   Thumb Code    34  libdw1000.o(i.dwSetPulseFrequency)
    dwSetReceiverAutoReenable                0x08004669   Thumb Code    12  libdw1000.o(i.dwSetReceiverAutoReenable)
    dwSoftReset                              0x08004675   Thumb Code   100  libdw1000.o(i.dwSoftReset)
    dwSpiRead                                0x080046d9   Thumb Code    70  libdw1000spi.o(i.dwSpiRead)
    dwSpiRead16                              0x0800471f   Thumb Code    18  libdw1000spi.o(i.dwSpiRead16)
    dwSpiRead32                              0x08004731   Thumb Code    16  libdw1000spi.o(i.dwSpiRead32)
    dwSpiWrite                               0x08004741   Thumb Code    74  libdw1000spi.o(i.dwSpiWrite)
    dwSpiWrite32                             0x0800478b   Thumb Code    18  libdw1000spi.o(i.dwSpiWrite32)
    dwStartReceive                           0x0800479d   Thumb Code    60  libdw1000.o(i.dwStartReceive)
    dwStartTransmit                          0x080047d9   Thumb Code   100  libdw1000.o(i.dwStartTransmit)
    dwStrError                               0x0800483d   Thumb Code    18  libdw1000.o(i.dwStrError)
    dwTune                                   0x0800487d   Thumb Code  1634  libdw1000.o(i.dwTune)
    dwUseExtendedFrameLength                 0x08004f09   Thumb Code    24  libdw1000.o(i.dwUseExtendedFrameLength)
    dwUseSmartPower                          0x08004f21   Thumb Code    18  libdw1000.o(i.dwUseSmartPower)
    dwWaitForResponse                        0x08004f33   Thumb Code    16  libdw1000.o(i.dwWaitForResponse)
    dwWriteChannelControlRegister            0x08004f43   Thumb Code    20  libdw1000.o(i.dwWriteChannelControlRegister)
    dwWriteNetworkIdAndDeviceAddress         0x08004f57   Thumb Code    20  libdw1000.o(i.dwWriteNetworkIdAndDeviceAddress)
    dwWriteSystemConfigurationRegister       0x08004f6b   Thumb Code    18  libdw1000.o(i.dwWriteSystemConfigurationRegister)
    dwWriteSystemEventMaskRegister           0x08004f7d   Thumb Code    20  libdw1000.o(i.dwWriteSystemEventMaskRegister)
    dwWriteTransmitFrameControlRegister      0x08004f91   Thumb Code    20  libdw1000.o(i.dwWriteTransmitFrameControlRegister)
    eepromInit                               0x08004fa5   Thumb Code     6  eeprom.o(i.eepromInit)
    eepromRead                               0x08004fb1   Thumb Code    36  eeprom.o(i.eepromRead)
    eepromWrite                              0x08004fd9   Thumb Code    36  eeprom.o(i.eepromWrite)
    fputc                                    0x08005001   Thumb Code    24  usart.o(i.fputc)
    getPrintableDeviceIdentifier             0x08005035   Thumb Code    50  libdw1000_pro.o(i.getPrintableDeviceIdentifier)
    getPrintableDeviceMode                   0x08005095   Thumb Code   166  libdw1000_pro.o(i.getPrintableDeviceMode)
    getPrintableExtendedUniqueIdentifier     0x08005141   Thumb Code    76  libdw1000_pro.o(i.getPrintableExtendedUniqueIdentifier)
    getPrintableNetworkIdAndShortAddress     0x080051b9   Thumb Code    36  libdw1000_pro.o(i.getPrintableNetworkIdAndShortAddress)
    handleInput                              0x080051fd   Thumb Code   134  cfg.o(i.handleInput)
    help                                     0x080052e9   Thumb Code    54  cfg.o(i.help)
    main                                     0x080053c5   Thumb Code  2076  main.o(i.main)
    printMode                                0x08005bf9   Thumb Code    56  cfg.o(i.printMode)
    resetConfig                              0x08005ce1   Thumb Code    28  cfg.o(i.resetConfig)
    rxcallback                               0x08005d31   Thumb Code  1336  main.o(i.rxcallback)
    txcallback                               0x080063e9   Thumb Code    62  main.o(i.txcallback)
    MODE_LONGDATA_RANGE_ACCURACY             0x080064f8   Data           3  libdw1000.o(.constdata)
    MODE_LONGDATA_FAST_ACCURACY              0x08006543   Data           3  libdw1000.o(.constdata)
    APBAHBPrescTable                         0x08006546   Data          16  stm32f4xx_hal_rcc.o(.constdata)
    Region$$Table$$Base                      0x08006760   Number         0  anon$$obj.o(Region$$Table)
    Region$$Table$$Limit                     0x08006780   Number         0  anon$$obj.o(Region$$Table)
    rangingComplete                          0x20000002   Data           1  main.o(.data)
    MSG_TO_ANCHOR_FINISH                     0x20000003   Data           1  main.o(.data)
    timesIntoUsart2DMA                       0x20000004   Data           2  main.o(.data)
    queue_head                               0x20000008   Data           4  main.o(.data)
    queue_tail                               0x2000000c   Data           4  main.o(.data)
    dropped                                  0x20000010   Data           4  main.o(.data)
    timeRangingComplete                      0x20000014   Data           4  main.o(.data)
    dwm                                      0x20000018   Data           4  main.o(.data)
    rangingTick                              0x20000020   Data           4  main.o(.data)
    anchors                                  0x20000024   Data           6  main.o(.data)
    address                                  0x2000002a   Data           8  main.o(.data)
    base_address                             0x20000032   Data           8  main.o(.data)
    coordinator_address                      0x2000003a   Data           8  main.o(.data)
    tmp_address                              0x20000042   Data           8  main.o(.data)
    distCount                                0x20000050   Data           8  main.o(.data)
    poll_tx                                  0x20000058   Data           8  main.o(.data)
    poll_rx                                  0x20000060   Data           8  main.o(.data)
    answer_tx                                0x20000068   Data           8  main.o(.data)
    answer_rx                                0x20000070   Data           8  main.o(.data)
    final_tx                                 0x20000078   Data           8  main.o(.data)
    final_rx                                 0x20000080   Data           8  main.o(.data)
    uartPacket4Anchor                        0x20000088   Data          27  main.o(.data)
    dwOps                                    0x200000a4   Data          20  dwops.o(.data)
    _handleError                             0x200000c4   Data           4  libdw1000.o(.data)
    _handleReceiveTimestampAvailable         0x200000c8   Data           4  libdw1000.o(.data)
    USART2_RX_STA                            0x200000d4   Data           1  usart.o(.data)
    USART1_RX_STA                            0x200000d5   Data           1  usart.o(.data)
    USART1_RX_BUF                            0x200000d6   Data           1  usart.o(.data)
    uwTick                                   0x200000d8   Data           4  stm32f4xx_hal.o(.data)
    SystemCoreClock                          0x200000dc   Data           4  system_stm32f4xx.o(.data)
    __stdout                                 0x200000e0   Data           4  stdout.o(.data)
    distanceAnchorX                          0x200000e8   Data          24  main.o(.bss)
    rxPacket                                 0x20000100   Data        1021  main.o(.bss)
    txPacket                                 0x200004fd   Data        1021  main.o(.bss)
    snifferPacketQueue                       0x200008fa   Data       16336  main.o(.bss)
    snifferPacketLength                      0x200048cc   Data          64  main.o(.bss)
    dwm_device                               0x20004910   Data          80  main.o(.bss)
    alignedBuffer                            0x20004960   Data        1024  dwops.o(.bss)
    hi2c1                                    0x20004d7c   Data          68  i2c.o(.bss)
    hspi1                                    0x20004dc0   Data          88  spi.o(.bss)
    huart2                                   0x20004e18   Data          64  usart.o(.bss)
    huart1                                   0x20004e58   Data          64  usart.o(.bss)
    hdma_usart1_rx                           0x20004e98   Data          88  usart.o(.bss)
    hdma_usart1_tx                           0x20004ef0   Data          88  usart.o(.bss)
    hdma_usart2_tx                           0x20004f48   Data          88  usart.o(.bss)
    hdma_usart2_rx                           0x20004fa0   Data          88  usart.o(.bss)
    USART2_RX_BUF                            0x20004ff8   Data        1000  usart.o(.bss)
    __initial_sp                             0x200055e0   Data           0  startup_stm32f405xx.o(STACK)



==============================================================================

Memory Map of the image

  Image Entry point : 0x08000189

  Load Region LR_IROM1 (Base: 0x08000000, Size: 0x00006868, Max: 0x00100000, ABSOLUTE)

    Execution Region ER_IROM1 (Base: 0x08000000, Size: 0x00006780, Max: 0x00100000, ABSOLUTE)

    Base Addr    Size         Type   Attr      Idx    E Section Name        Object

    0x08000000   0x00000188   Data   RO         3497    RESET               startup_stm32f405xx.o
    0x08000188   0x00000000   Code   RO         3553  * .ARM.Collect$$$$00000000  mc_w.l(entry.o)
    0x08000188   0x00000004   Code   RO         3855    .ARM.Collect$$$$00000001  mc_w.l(entry2.o)
    0x0800018c   0x00000004   Code   RO         3858    .ARM.Collect$$$$00000004  mc_w.l(entry5.o)
    0x08000190   0x00000000   Code   RO         3860    .ARM.Collect$$$$00000008  mc_w.l(entry7b.o)
    0x08000190   0x00000000   Code   RO         3862    .ARM.Collect$$$$0000000A  mc_w.l(entry8b.o)
    0x08000190   0x00000008   Code   RO         3863    .ARM.Collect$$$$0000000B  mc_w.l(entry9a.o)
    0x08000198   0x00000000   Code   RO         3865    .ARM.Collect$$$$0000000D  mc_w.l(entry10a.o)
    0x08000198   0x00000000   Code   RO         3867    .ARM.Collect$$$$0000000F  mc_w.l(entry11a.o)
    0x08000198   0x00000004   Code   RO         3856    .ARM.Collect$$$$00002712  mc_w.l(entry2.o)
    0x0800019c   0x00000024   Code   RO         3498    .text               startup_stm32f405xx.o
    0x080001c0   0x00000024   Code   RO         3556    .text               mc_w.l(memcpya.o)
    0x080001e4   0x00000024   Code   RO         3558    .text               mc_w.l(memseta.o)
    0x08000208   0x0000001a   Code   RO         3560    .text               mc_w.l(memcmp.o)
    0x08000222   0x0000014e   Code   RO         3825    .text               mf_w.l(dadd.o)
    0x08000370   0x000000e4   Code   RO         3827    .text               mf_w.l(dmul.o)
    0x08000454   0x000000de   Code   RO         3829    .text               mf_w.l(ddiv.o)
    0x08000532   0x0000001a   Code   RO         3831    .text               mf_w.l(dfltui.o)
    0x0800054c   0x0000003e   Code   RO         3833    .text               mf_w.l(dfixi.o)
    0x0800058a   0x00000032   Code   RO         3835    .text               mf_w.l(dfixui.o)
    0x080005bc   0x00000030   Code   RO         3837    .text               mf_w.l(cdcmple.o)
    0x080005ec   0x00000030   Code   RO         3839    .text               mf_w.l(cdrcmple.o)
    0x0800061c   0x00000062   Code   RO         3872    .text               mc_w.l(uldiv.o)
    0x0800067e   0x0000001e   Code   RO         3874    .text               mc_w.l(llshl.o)
    0x0800069c   0x00000020   Code   RO         3876    .text               mc_w.l(llushr.o)
    0x080006bc   0x00000024   Code   RO         3878    .text               mc_w.l(llsshr.o)
    0x080006e0   0x00000000   Code   RO         3887    .text               mc_w.l(iusefp.o)
    0x080006e0   0x000000ba   Code   RO         3888    .text               mf_w.l(depilogue.o)
    0x0800079a   0x00000002   PAD
    0x0800079c   0x00000024   Code   RO         3892    .text               mc_w.l(init.o)
    0x080007c0   0x0000000c   Code   RO          249    i.DMA1_Stream5_IRQHandler  stm32f4xx_it.o
    0x080007cc   0x0000000c   Code   RO          250    i.DMA1_Stream6_IRQHandler  stm32f4xx_it.o
    0x080007d8   0x0000000c   Code   RO          251    i.DMA2_Stream5_IRQHandler  stm32f4xx_it.o
    0x080007e4   0x0000000c   Code   RO          252    i.DMA2_Stream7_IRQHandler  stm32f4xx_it.o
    0x080007f0   0x00000028   Code   RO         2080    i.DMA_CalcBaseAndBitshift  stm32f4xx_hal_dma.o
    0x08000818   0x00000028   Code   RO         2081    i.DMA_SetConfig     stm32f4xx_hal_dma.o
    0x08000840   0x00000006   Code   RO          253    i.EXTI0_IRQHandler  stm32f4xx_it.o
    0x08000846   0x00000002   PAD
    0x08000848   0x000001a0   Code   RO         2086    i.HAL_DMA_IRQHandler  stm32f4xx_hal_dma.o
    0x080009e8   0x00000078   Code   RO         2087    i.HAL_DMA_Init      stm32f4xx_hal_dma.o
    0x08000a60   0x0000004e   Code   RO         2090    i.HAL_DMA_Start_IT  stm32f4xx_hal_dma.o
    0x08000aae   0x00000016   Code   RO         2570    i.HAL_Delay         stm32f4xx_hal.o
    0x08000ac4   0x00000030   Code   RO          336    i.HAL_GPIO_EXTI_Callback  dwops.o
    0x08000af4   0x00000018   Code   RO         2301    i.HAL_GPIO_EXTI_IRQHandler  stm32f4xx_hal_gpio.o
    0x08000b0c   0x000001c0   Code   RO         2302    i.HAL_GPIO_Init     stm32f4xx_hal_gpio.o
    0x08000ccc   0x0000000a   Code   RO         2304    i.HAL_GPIO_ReadPin  stm32f4xx_hal_gpio.o
    0x08000cd6   0x00000008   Code   RO         2305    i.HAL_GPIO_TogglePin  stm32f4xx_hal_gpio.o
    0x08000cde   0x0000000a   Code   RO         2306    i.HAL_GPIO_WritePin  stm32f4xx_hal_gpio.o
    0x08000ce8   0x0000000c   Code   RO         2576    i.HAL_GetTick       stm32f4xx_hal.o
    0x08000cf4   0x00000108   Code   RO         2861    i.HAL_I2C_Init      stm32f4xx_hal_i2c.o
    0x08000dfc   0x000001d4   Code   RO         2877    i.HAL_I2C_Mem_Read  stm32f4xx_hal_i2c.o
    0x08000fd0   0x000000f4   Code   RO         2880    i.HAL_I2C_Mem_Write  stm32f4xx_hal_i2c.o
    0x080010c4   0x0000004c   Code   RO         1140    i.HAL_I2C_MspInit   i2c.o
    0x08001110   0x00000010   Code   RO         2577    i.HAL_IncTick       stm32f4xx_hal.o
    0x08001120   0x00000034   Code   RO         2578    i.HAL_Init          stm32f4xx_hal.o
    0x08001154   0x00000022   Code   RO         2579    i.HAL_InitTick      stm32f4xx_hal.o
    0x08001176   0x00000016   Code   RO          225    i.HAL_MspInit       stm32f4xx_hal_msp.o
    0x0800118c   0x00000016   Code   RO         2711    i.HAL_NVIC_ClearPendingIRQ  stm32f4xx_hal_cortex.o
    0x080011a2   0x00000016   Code   RO         2713    i.HAL_NVIC_EnableIRQ  stm32f4xx_hal_cortex.o
    0x080011b8   0x00000040   Code   RO         2719    i.HAL_NVIC_SetPriority  stm32f4xx_hal_cortex.o
    0x080011f8   0x00000024   Code   RO         2720    i.HAL_NVIC_SetPriorityGrouping  stm32f4xx_hal_cortex.o
    0x0800121c   0x00000002   Code   RO         1545    i.HAL_RCC_CSSCallback  stm32f4xx_hal_rcc.o
    0x0800121e   0x00000002   PAD
    0x08001220   0x00000140   Code   RO         1546    i.HAL_RCC_ClockConfig  stm32f4xx_hal_rcc.o
    0x08001360   0x00000034   Code   RO         1551    i.HAL_RCC_GetHCLKFreq  stm32f4xx_hal_rcc.o
    0x08001394   0x0000002c   Code   RO         1553    i.HAL_RCC_GetPCLK1Freq  stm32f4xx_hal_rcc.o
    0x080013c0   0x0000002c   Code   RO         1554    i.HAL_RCC_GetPCLK2Freq  stm32f4xx_hal_rcc.o
    0x080013ec   0x00000070   Code   RO         1555    i.HAL_RCC_GetSysClockFreq  stm32f4xx_hal_rcc.o
    0x0800145c   0x0000001c   Code   RO         1557    i.HAL_RCC_NMI_IRQHandler  stm32f4xx_hal_rcc.o
    0x08001478   0x000002e4   Code   RO         1558    i.HAL_RCC_OscConfig  stm32f4xx_hal_rcc.o
    0x0800175c   0x0000008c   Code   RO         1789    i.HAL_SPI_Init      stm32f4xx_hal_spi.o
    0x080017e8   0x0000004c   Code   RO         1226    i.HAL_SPI_MspInit   spi.o
    0x08001834   0x000001f8   Code   RO         1792    i.HAL_SPI_Receive   stm32f4xx_hal_spi.o
    0x08001a2c   0x0000017e   Code   RO         1797    i.HAL_SPI_Transmit  stm32f4xx_hal_spi.o
    0x08001baa   0x00000202   Code   RO         1798    i.HAL_SPI_TransmitReceive  stm32f4xx_hal_spi.o
    0x08001dac   0x00000018   Code   RO         2722    i.HAL_SYSTICK_CLKSourceConfig  stm32f4xx_hal_cortex.o
    0x08001dc4   0x00000002   Code   RO         2723    i.HAL_SYSTICK_Callback  stm32f4xx_hal_cortex.o
    0x08001dc6   0x00000028   Code   RO         2724    i.HAL_SYSTICK_Config  stm32f4xx_hal_cortex.o
    0x08001dee   0x00000008   Code   RO         2725    i.HAL_SYSTICK_IRQHandler  stm32f4xx_hal_cortex.o
    0x08001df6   0x00000002   Code   RO         3273    i.HAL_UART_ErrorCallback  stm32f4xx_hal_uart.o
    0x08001df8   0x000000e8   Code   RO         3276    i.HAL_UART_IRQHandler  stm32f4xx_hal_uart.o
    0x08001ee0   0x00000062   Code   RO         3277    i.HAL_UART_Init     stm32f4xx_hal_uart.o
    0x08001f42   0x00000002   PAD
    0x08001f44   0x000001a8   Code   RO         1319    i.HAL_UART_MspInit  usart.o
    0x080020ec   0x00000078   Code   RO         3281    i.HAL_UART_Receive_DMA  stm32f4xx_hal_uart.o
    0x08002164   0x00000040   Code   RO         1320    i.HAL_UART_RxCpltCallback  usart.o
    0x080021a4   0x00000002   Code   RO         3284    i.HAL_UART_RxHalfCpltCallback  stm32f4xx_hal_uart.o
    0x080021a6   0x000000aa   Code   RO         3285    i.HAL_UART_Transmit  stm32f4xx_hal_uart.o
    0x08002250   0x0000007c   Code   RO         3286    i.HAL_UART_Transmit_DMA  stm32f4xx_hal_uart.o
    0x080022cc   0x00000002   Code   RO         1321    i.HAL_UART_TxCpltCallback  usart.o
    0x080022ce   0x00000002   Code   RO         3289    i.HAL_UART_TxHalfCpltCallback  stm32f4xx_hal_uart.o
    0x080022d0   0x00000028   Code   RO         2902    i.I2C_IsAcknowledgeFailed  stm32f4xx_hal_i2c.o
    0x080022f8   0x000000e2   Code   RO         2908    i.I2C_RequestMemoryRead  stm32f4xx_hal_i2c.o
    0x080023da   0x00000002   PAD
    0x080023dc   0x00000098   Code   RO         2909    i.I2C_RequestMemoryWrite  stm32f4xx_hal_i2c.o
    0x08002474   0x0000008e   Code   RO         2912    i.I2C_WaitOnFlagUntilTimeout  stm32f4xx_hal_i2c.o
    0x08002502   0x00000002   PAD
    0x08002504   0x0000008c   Code   RO         2913    i.I2C_WaitOnMasterAddressFlagUntilTimeout  stm32f4xx_hal_i2c.o
    0x08002590   0x00000068   Code   RO         2914    i.I2C_WaitOnRXNEFlagUntilTimeout  stm32f4xx_hal_i2c.o
    0x080025f8   0x00000052   Code   RO         2916    i.I2C_WaitOnTXEFlagUntilTimeout  stm32f4xx_hal_i2c.o
    0x0800264a   0x00000002   PAD
    0x0800264c   0x00000024   Code   RO         1273    i.LED_init          led.o
    0x08002670   0x0000003c   Code   RO         1274    i.LED_off           led.o
    0x080026ac   0x0000003c   Code   RO         1275    i.LED_on            led.o
    0x080026e8   0x00000038   Code   RO         1276    i.LED_toggle        led.o
    0x08002720   0x0000006c   Code   RO         1411    i.MX_DMA_Init       dma.o
    0x0800278c   0x000000b4   Code   RO         1387    i.MX_GPIO_Init      gpio.o
    0x08002840   0x0000002c   Code   RO         1141    i.MX_I2C1_Init      i2c.o
    0x0800286c   0x00000038   Code   RO         1227    i.MX_SPI1_Init      spi.o
    0x080028a4   0x00000044   Code   RO         1228    i.MX_SPI1_Init_Fast  spi.o
    0x080028e8   0x00000028   Code   RO         1322    i.MX_USART1_UART_Init  usart.o
    0x08002910   0x00000028   Code   RO         1323    i.MX_USART2_UART_Init  usart.o
    0x08002938   0x00000004   Code   RO          255    i.NMI_Handler       stm32f4xx_it.o
    0x0800293c   0x00000020   Code   RO         2726    i.NVIC_SetPriority  stm32f4xx_hal_cortex.o
    0x0800295c   0x00000020   Code   RO         1813    i.SPI_CheckFlag_BSY  stm32f4xx_hal_spi.o
    0x0800297c   0x00000024   Code   RO         1814    i.SPI_CheckForDisablingSPI  stm32f4xx_hal_spi.o
    0x080029a0   0x0000008c   Code   RO         1831    i.SPI_WaitFlagStateUntilTimeout  stm32f4xx_hal_spi.o
    0x08002a2c   0x0000000e   Code   RO          256    i.SysTick_Handler   stm32f4xx_it.o
    0x08002a3a   0x00000002   PAD
    0x08002a3c   0x00000094   Code   RO            4    i.SystemClock_Config  main.o
    0x08002ad0   0x00000054   Code   RO         3506    i.SystemInit        system_stm32f4xx.o
    0x08002b24   0x00000022   Code   RO         3290    i.UART_DMAError     stm32f4xx_hal_uart.o
    0x08002b46   0x00000028   Code   RO         3291    i.UART_DMAReceiveCplt  stm32f4xx_hal_uart.o
    0x08002b6e   0x0000000a   Code   RO         3292    i.UART_DMARxHalfCplt  stm32f4xx_hal_uart.o
    0x08002b78   0x0000002e   Code   RO         3293    i.UART_DMATransmitCplt  stm32f4xx_hal_uart.o
    0x08002ba6   0x0000000a   Code   RO         3294    i.UART_DMATxHalfCplt  stm32f4xx_hal_uart.o
    0x08002bb0   0x00000096   Code   RO         3295    i.UART_Receive_IT   stm32f4xx_hal_uart.o
    0x08002c46   0x00000002   PAD
    0x08002c48   0x000002ac   Code   RO         3296    i.UART_SetConfig    stm32f4xx_hal_uart.o
    0x08002ef4   0x00000062   Code   RO         3297    i.UART_Transmit_IT  stm32f4xx_hal_uart.o
    0x08002f56   0x00000096   Code   RO         3298    i.UART_WaitOnFlagUntilTimeout  stm32f4xx_hal_uart.o
    0x08002fec   0x0000000c   Code   RO          257    i.USART1_IRQHandler  stm32f4xx_it.o
    0x08002ff8   0x0000000c   Code   RO          258    i.USART2_IRQHandler  stm32f4xx_it.o
    0x08003004   0x00000002   Code   RO            5    i._Error_Handler    main.o
    0x08003006   0x00000002   PAD
    0x08003008   0x00000020   Code   RO         3771    i.__0printf$8       mc_w.l(printf8.o)
    0x08003028   0x00000028   Code   RO         3773    i.__0sprintf$8      mc_w.l(printf8.o)
    0x08003050   0x00000180   Code   RO         3539    i.__hardfp_log10f   m_wm.l(log10f.o)
    0x080031d0   0x00000014   Code   RO         3841    i.__mathlib_flt_divzero  m_wm.l(funder.o)
    0x080031e4   0x00000006   Code   RO         3842    i.__mathlib_flt_infnan  m_wm.l(funder.o)
    0x080031ea   0x00000002   PAD
    0x080031ec   0x00000010   Code   RO         3844    i.__mathlib_flt_invalid  m_wm.l(funder.o)
    0x080031fc   0x0000000e   Code   RO         3896    i.__scatterload_copy  mc_w.l(handlers.o)
    0x0800320a   0x00000002   Code   RO         3897    i.__scatterload_null  mc_w.l(handlers.o)
    0x0800320c   0x0000000e   Code   RO         3898    i.__scatterload_zeroinit  mc_w.l(handlers.o)
    0x0800321a   0x00000002   PAD
    0x0800321c   0x0000000c   Code   RO         3882    i.__set_errno       mc_w.l(errno.o)
    0x08003228   0x00000410   Code   RO         3778    i._printf_core      mc_w.l(printf8.o)
    0x08003638   0x00000024   Code   RO         3779    i._printf_post_padding  mc_w.l(printf8.o)
    0x0800365c   0x0000002e   Code   RO         3780    i._printf_pre_padding  mc_w.l(printf8.o)
    0x0800368a   0x0000000a   Code   RO         3782    i._sputc            mc_w.l(printf8.o)
    0x08003694   0x00000070   Code   RO          533    i.calculatePower    libdw1000.o
    0x08003704   0x00000024   Code   RO          407    i.cfgFieldSize      cfg.o
    0x08003728   0x00000108   Code   RO          408    i.cfgInit           cfg.o
    0x08003830   0x00000024   Code   RO          409    i.cfgReadU8         cfg.o
    0x08003854   0x0000002c   Code   RO          410    i.cfgReadU8list     cfg.o
    0x08003880   0x0000001c   Code   RO          411    i.cfgReset          cfg.o
    0x0800389c   0x00000064   Code   RO          412    i.cfgWriteU8        cfg.o
    0x08003900   0x000000a0   Code   RO          413    i.cfgWriteU8list    cfg.o
    0x080039a0   0x000000a0   Code   RO          414    i.changeAddress     cfg.o
    0x08003a40   0x00000050   Code   RO          415    i.changeMode        cfg.o
    0x08003a90   0x00000084   Code   RO          416    i.check_content     cfg.o
    0x08003b14   0x00000006   Code   RO          337    i.delayms           dwops.o
    0x08003b1a   0x00000002   Code   RO          534    i.dummy             libdw1000.o
    0x08003b1c   0x00000004   Code   RO          537    i.dwAttachReceivedHandler  libdw1000.o
    0x08003b20   0x00000004   Code   RO          538    i.dwAttachSentHandler  libdw1000.o
    0x08003b24   0x0000007c   Code   RO          541    i.dwClearReceiveStatus  libdw1000.o
    0x08003ba0   0x00000028   Code   RO          542    i.dwClearReceiveTimestampAvailableStatus  libdw1000.o
    0x08003bc8   0x0000004c   Code   RO          543    i.dwClearTransmitStatus  libdw1000.o
    0x08003c14   0x0000004c   Code   RO          544    i.dwCommitConfiguration  libdw1000.o
    0x08003c60   0x000000b4   Code   RO          545    i.dwConfigure       libdw1000.o
    0x08003d14   0x00000114   Code   RO          546    i.dwCorrectTimestamp  libdw1000.o
    0x08003e28   0x00000068   Code   RO          547    i.dwEnableAllLeds   libdw1000.o
    0x08003e90   0x00000096   Code   RO          548    i.dwEnableClock     libdw1000.o
    0x08003f26   0x0000003a   Code   RO          549    i.dwEnableMode      libdw1000.o
    0x08003f60   0x00000014   Code   RO          550    i.dwGetData         libdw1000.o
    0x08003f74   0x0000003e   Code   RO          551    i.dwGetDataLength   libdw1000.o
    0x08003fb2   0x00000008   Code   RO          552    i.dwGetDeviceId     libdw1000.o
    0x08003fba   0x00000002   PAD
    0x08003fbc   0x00000040   Code   RO          556    i.dwGetReceivePower  libdw1000.o
    0x08003ffc   0x00000028   Code   RO          558    i.dwGetReceiveTimestamp  libdw1000.o
    0x08004024   0x00000012   Code   RO          560    i.dwGetTransmitTimestamp  libdw1000.o
    0x08004036   0x00000002   PAD
    0x08004038   0x000000ac   Code   RO          562    i.dwHandleInterrupt  libdw1000.o
    0x080040e4   0x00000022   Code   RO          564    i.dwIdle            libdw1000.o
    0x08004106   0x00000002   PAD
    0x08004108   0x0000004c   Code   RO          565    i.dwInit            libdw1000.o
    0x08004154   0x0000000c   Code   RO          566    i.dwInterruptOnAutomaticAcknowledgeTrigger  libdw1000.o
    0x08004160   0x0000003a   Code   RO          567    i.dwInterruptOnReceiveFailed  libdw1000.o
    0x0800419a   0x0000000c   Code   RO          568    i.dwInterruptOnReceiveTimeout  libdw1000.o
    0x080041a6   0x0000000c   Code   RO          569    i.dwInterruptOnReceiveTimestampAvailable  libdw1000.o
    0x080041b2   0x00000022   Code   RO          570    i.dwInterruptOnReceived  libdw1000.o
    0x080041d4   0x0000000c   Code   RO          571    i.dwInterruptOnSent  libdw1000.o
    0x080041e0   0x00000026   Code   RO          572    i.dwIsClockProblem  libdw1000.o
    0x08004206   0x00000014   Code   RO          573    i.dwIsReceiveDone   libdw1000.o
    0x0800421a   0x00000048   Code   RO          574    i.dwIsReceiveFailed  libdw1000.o
    0x08004262   0x0000000a   Code   RO          575    i.dwIsReceiveTimeout  libdw1000.o
    0x0800426c   0x0000000a   Code   RO          576    i.dwIsReceiveTimestampAvailable  libdw1000.o
    0x08004276   0x0000000a   Code   RO          577    i.dwIsTransmitDone  libdw1000.o
    0x08004280   0x0000007c   Code   RO          578    i.dwManageLDE       libdw1000.o
    0x080042fc   0x0000002a   Code   RO          579    i.dwNewConfiguration  libdw1000.o
    0x08004326   0x00000018   Code   RO          580    i.dwNewReceive      libdw1000.o
    0x0800433e   0x00000018   Code   RO          581    i.dwNewTransmit     libdw1000.o
    0x08004356   0x00000002   PAD
    0x08004358   0x00000020   Code   RO          338    i.dwOpsInit         dwops.o
    0x08004378   0x00000014   Code   RO          582    i.dwReadChannelControlRegister  libdw1000.o
    0x0800438c   0x00000014   Code   RO          583    i.dwReadNetworkIdAndDeviceAddress  libdw1000.o
    0x080043a0   0x00000012   Code   RO          584    i.dwReadSystemConfigurationRegister  libdw1000.o
    0x080043b2   0x00000014   Code   RO          585    i.dwReadSystemEventMaskRegister  libdw1000.o
    0x080043c6   0x00000014   Code   RO          586    i.dwReadSystemEventStatusRegister  libdw1000.o
    0x080043da   0x00000014   Code   RO          587    i.dwReadTransmitFrameControlRegister  libdw1000.o
    0x080043ee   0x00000006   Code   RO          589    i.dwSetAntenaDelay  libdw1000.o
    0x080043f4   0x00000010   Code   RO          590    i.dwSetChannel      libdw1000.o
    0x08004404   0x00000064   Code   RO          591    i.dwSetData         libdw1000.o
    0x08004468   0x000000b2   Code   RO          592    i.dwSetDataRate     libdw1000.o
    0x0800451a   0x00000002   PAD
    0x0800451c   0x0000008c   Code   RO          593    i.dwSetDefaults     libdw1000.o
    0x080045a8   0x0000000e   Code   RO          595    i.dwSetDoubleBuffering  libdw1000.o
    0x080045b6   0x0000000c   Code   RO          596    i.dwSetFrameFilter  libdw1000.o
    0x080045c2   0x0000000c   Code   RO          599    i.dwSetFrameFilterAllowData  libdw1000.o
    0x080045ce   0x0000000c   Code   RO          601    i.dwSetFrameFilterAllowReserved  libdw1000.o
    0x080045da   0x0000000c   Code   RO          603    i.dwSetInterruptPolarity  libdw1000.o
    0x080045e6   0x0000001e   Code   RO          604    i.dwSetPreambleCode  libdw1000.o
    0x08004604   0x00000042   Code   RO          605    i.dwSetPreambleLength  libdw1000.o
    0x08004646   0x00000022   Code   RO          606    i.dwSetPulseFrequency  libdw1000.o
    0x08004668   0x0000000c   Code   RO          608    i.dwSetReceiverAutoReenable  libdw1000.o
    0x08004674   0x00000064   Code   RO          611    i.dwSoftReset       libdw1000.o
    0x080046d8   0x00000046   Code   RO         1100    i.dwSpiRead         libdw1000spi.o
    0x0800471e   0x00000012   Code   RO         1101    i.dwSpiRead16       libdw1000spi.o
    0x08004730   0x00000010   Code   RO         1102    i.dwSpiRead32       libdw1000spi.o
    0x08004740   0x0000004a   Code   RO         1103    i.dwSpiWrite        libdw1000spi.o
    0x0800478a   0x00000012   Code   RO         1104    i.dwSpiWrite32      libdw1000spi.o
    0x0800479c   0x0000003c   Code   RO          612    i.dwStartReceive    libdw1000.o
    0x080047d8   0x00000064   Code   RO          613    i.dwStartTransmit   libdw1000.o
    0x0800483c   0x00000040   Code   RO          614    i.dwStrError        libdw1000.o
    0x0800487c   0x0000068c   Code   RO          616    i.dwTune            libdw1000.o
    0x08004f08   0x00000018   Code   RO          617    i.dwUseExtendedFrameLength  libdw1000.o
    0x08004f20   0x00000012   Code   RO          618    i.dwUseSmartPower   libdw1000.o
    0x08004f32   0x00000010   Code   RO          619    i.dwWaitForResponse  libdw1000.o
    0x08004f42   0x00000014   Code   RO          620    i.dwWriteChannelControlRegister  libdw1000.o
    0x08004f56   0x00000014   Code   RO          621    i.dwWriteNetworkIdAndDeviceAddress  libdw1000.o
    0x08004f6a   0x00000012   Code   RO          622    i.dwWriteSystemConfigurationRegister  libdw1000.o
    0x08004f7c   0x00000014   Code   RO          623    i.dwWriteSystemEventMaskRegister  libdw1000.o
    0x08004f90   0x00000014   Code   RO          624    i.dwWriteTransmitFrameControlRegister  libdw1000.o
    0x08004fa4   0x0000000c   Code   RO         1181    i.eepromInit        eeprom.o
    0x08004fb0   0x00000028   Code   RO         1182    i.eepromRead        eeprom.o
    0x08004fd8   0x00000028   Code   RO         1184    i.eepromWrite       eeprom.o
    0x08005000   0x0000001c   Code   RO         1324    i.fputc             usart.o
    0x0800501c   0x00000018   Code   RO          625    i.getBit            libdw1000.o
    0x08005034   0x00000060   Code   RO         1438    i.getPrintableDeviceIdentifier  libdw1000_pro.o
    0x08005094   0x000000ac   Code   RO         1439    i.getPrintableDeviceMode  libdw1000_pro.o
    0x08005140   0x00000078   Code   RO         1440    i.getPrintableExtendedUniqueIdentifier  libdw1000_pro.o
    0x080051b8   0x00000044   Code   RO         1441    i.getPrintableNetworkIdAndShortAddress  libdw1000_pro.o
    0x080051fc   0x000000ec   Code   RO          418    i.handleInput       cfg.o
    0x080052e8   0x000000dc   Code   RO          419    i.help              cfg.o
    0x080053c4   0x00000834   Code   RO            6    i.main              main.o
    0x08005bf8   0x00000064   Code   RO          420    i.printMode         cfg.o
    0x08005c5c   0x00000084   Code   RO          421    i.readData          cfg.o
    0x08005ce0   0x00000050   Code   RO          422    i.resetConfig       cfg.o
    0x08005d30   0x0000056c   Code   RO            7    i.rxcallback        main.o
    0x0800629c   0x00000020   Code   RO          626    i.setBit            libdw1000.o
    0x080062bc   0x00000064   Code   RO          339    i.spiRead           dwops.o
    0x08006320   0x00000028   Code   RO          627    i.spiReadRxInfo     libdw1000.o
    0x08006348   0x0000000a   Code   RO          340    i.spiSetSpeed       dwops.o
    0x08006352   0x00000002   PAD
    0x08006354   0x00000064   Code   RO          341    i.spiWrite          dwops.o
    0x080063b8   0x00000030   Code   RO          423    i.tlvFindType       cfg.o
    0x080063e8   0x00000048   Code   RO            8    i.txcallback        main.o
    0x08006430   0x00000016   Code   RO          628    i.writeValueToBytes  libdw1000.o
    0x08006446   0x00000002   PAD
    0x08006448   0x00000034   Code   RO          424    i.write_crc         cfg.o
    0x0800647c   0x00000074   Code   RO          425    i.write_defaults    cfg.o
    0x080064f0   0x00000008   Data   RO           14    .constdata          main.o
    0x080064f8   0x0000004b   Data   RO          629    .constdata          libdw1000.o
    0x08006543   0x00000003   Data   RO          634    .constdata          libdw1000.o
    0x08006546   0x00000010   Data   RO         1559    .constdata          stm32f4xx_hal_rcc.o
    0x08006556   0x00000008   Data   RO         2091    .constdata          stm32f4xx_hal_dma.o
    0x0800655e   0x00000002   PAD
    0x08006560   0x00000040   Data   RO         3542    .constdata          m_wm.l(log10f.o)
    0x080065a0   0x00000122   Data   RO           15    .conststring        main.o
    0x080066c2   0x00000002   PAD
    0x080066c4   0x00000049   Data   RO          427    .conststring        cfg.o
    0x0800670d   0x00000003   PAD
    0x08006710   0x0000004f   Data   RO         1443    .conststring        libdw1000_pro.o
    0x0800675f   0x00000001   PAD
    0x08006760   0x00000020   Data   RO         3894    Region$$Table       anon$$obj.o


    Execution Region RW_IRAM1 (Base: 0x20000000, Size: 0x000055e0, Max: 0x00020000, ABSOLUTE)

    Base Addr    Size         Type   Attr      Idx    E Section Name        Object

    0x20000000   0x000000a3   Data   RW           16    .data               main.o
    0x200000a3   0x00000001   PAD
    0x200000a4   0x00000014   Data   RW          343    .data               dwops.o
    0x200000b8   0x00000004   Data   RW          344    .data               dwops.o
    0x200000bc   0x00000008   Data   RW          428    .data               cfg.o
    0x200000c4   0x00000008   Data   RW          635    .data               libdw1000.o
    0x200000cc   0x00000008   Data   RW         1185    .data               eeprom.o
    0x200000d4   0x00000002   Data   RW         1326    .data               usart.o
    0x200000d6   0x00000001   Data   RW         1327    .data               usart.o
    0x200000d7   0x00000001   PAD
    0x200000d8   0x00000004   Data   RW         2584    .data               stm32f4xx_hal.o
    0x200000dc   0x00000004   Data   RW         3508    .data               system_stm32f4xx.o
    0x200000e0   0x00000004   Data   RW         3869    .data               mc_w.l(stdout.o)
    0x200000e4   0x00000004   Data   RW         3883    .data               mc_w.l(errno.o)
    0x200000e8   0x00004824   Zero   RW           10    .bss                main.o
    0x2000490c   0x00000004   PAD
    0x20004910   0x00000050   Zero   RW           11    .bss                main.o
    0x20004960   0x00000400   Zero   RW          342    .bss                dwops.o
    0x20004d60   0x00000019   Zero   RW          426    .bss                cfg.o
    0x20004d79   0x00000003   PAD
    0x20004d7c   0x00000044   Zero   RW         1142    .bss                i2c.o
    0x20004dc0   0x00000058   Zero   RW         1229    .bss                spi.o
    0x20004e18   0x000005c8   Zero   RW         1325    .bss                usart.o
    0x200053e0   0x00000200   Zero   RW         3495    STACK               startup_stm32f405xx.o


==============================================================================

Image component sizes


      Code (inc. data)   RO Data    RW Data    ZI Data      Debug   Object Name

      2024        932         73          8         25      11994   cfg.o
       108          4          0          0          0        954   dma.o
       296         42          0         24       1024       6463   dwops.o
        92         14          0          8          0       2600   eeprom.o
       180         20          0          0          0       1163   gpio.o
       120         22          0          0         68       1761   i2c.o
       212         18          0          0          0       4263   led.o
      5250        254         78          8          0      52841   libdw1000.o
       456        128         79          0          0       2942   libdw1000_pro.o
       196          0          0          0          0       3388   libdw1000spi.o
      3710        696        298        163      18548     351408   main.o
       200         32          0          0         88       2357   spi.o
        36          8        392          0        512        848   startup_stm32f405xx.o
       136         16          0          4          0       4523   stm32f4xx_hal.o
       250         14          0          0          0      32928   stm32f4xx_hal_cortex.o
       694         14          8          0          0       4459   stm32f4xx_hal_dma.o
       500         56          0          0          0       4399   stm32f4xx_hal_gpio.o
      1862         36          0          0          0      10650   stm32f4xx_hal_i2c.o
        22          0          0          0          0        550   stm32f4xx_hal_msp.o
      1342         68         16          0          0       7322   stm32f4xx_hal_rcc.o
      1748          0          0          0          0       6966   stm32f4xx_hal_spi.o
      1972         36          0          0          0      12858   stm32f4xx_hal_uart.o
        96         36          0          0          0       4667   stm32f4xx_it.o
        84         18          0          4          0       1493   system_stm32f4xx.o
       598         94          0          3       1480       5016   usart.o

    ----------------------------------------------------------------------
     22216       2558        984        224      21752     538813   Object Totals
         0          0         32          0          0          0   (incl. Generated)
        32          0          8          2          7          0   (incl. Padding)

    ----------------------------------------------------------------------

      Code (inc. data)   RO Data    RW Data    ZI Data      Debug   Library Member Name

        42         12          0          0          0        348   funder.o
       384         52         64          0          0        140   log10f.o
         0          0          0          0          0          0   entry.o
         0          0          0          0          0          0   entry10a.o
         0          0          0          0          0          0   entry11a.o
         8          4          0          0          0          0   entry2.o
         4          0          0          0          0          0   entry5.o
         0          0          0          0          0          0   entry7b.o
         0          0          0          0          0          0   entry8b.o
         8          4          0          0          0          0   entry9a.o
        12          6          0          4          0         68   errno.o
        30          0          0          0          0          0   handlers.o
        36          8          0          0          0         68   init.o
         0          0          0          0          0          0   iusefp.o
        30          0          0          0          0         68   llshl.o
        36          0          0          0          0         68   llsshr.o
        32          0          0          0          0         68   llushr.o
        26          0          0          0          0         80   memcmp.o
        36          0          0          0          0         68   memcpya.o
        36          0          0          0          0        108   memseta.o
      1204         60          0          0          0        504   printf8.o
         0          0          0          4          0          0   stdout.o
        98          0          0          0          0         92   uldiv.o
        48          0          0          0          0         68   cdcmple.o
        48          0          0          0          0         68   cdrcmple.o
       334          0          0          0          0        148   dadd.o
       222          0          0          0          0        100   ddiv.o
       186          0          0          0          0        176   depilogue.o
        62          0          0          0          0         80   dfixi.o
        50          0          0          0          0         76   dfixui.o
        26          0          0          0          0         76   dfltui.o
       228          0          0          0          0         96   dmul.o

    ----------------------------------------------------------------------
      3232        146         64          8          0       2568   Library Totals
         6          0          0          0          0          0   (incl. Padding)

    ----------------------------------------------------------------------

      Code (inc. data)   RO Data    RW Data    ZI Data      Debug   Library Name

       426         64         64          0          0        488   m_wm.l
      1596         82          0          8          0       1192   mc_w.l
      1204          0          0          0          0        888   mf_w.l

    ----------------------------------------------------------------------
      3232        146         64          8          0       2568   Library Totals

    ----------------------------------------------------------------------

==============================================================================


      Code (inc. data)   RO Data    RW Data    ZI Data      Debug   

     25448       2704       1048        232      21752     519793   Grand Totals
     25448       2704       1048        232      21752     519793   ELF Image Totals
     25448       2704       1048        232          0          0   ROM Totals

==============================================================================

    Total RO  Size (Code + RO Data)                26496 (  25.88kB)
    Total RW  Size (RW Data + ZI Data)             21984 (  21.47kB)
    Total ROM Size (Code + RO Data + RW Data)      26728 (  26.10kB)

==============================================================================

